Archive member included to satisfy reference by file (symbol)

/opt/devkitpro/libgba/lib/libmm.a(mm_mas.o)
                              bn_audio_manager.o (mmStart)
/opt/devkitpro/libgba/lib/libmm.a(mm_main.o)
                              /opt/devkitpro/libgba/lib/libmm.a(mm_mas.o) (mmCallback)
/opt/devkitpro/libgba/lib/libmm.a(mm_effect.o)
                              bn_hw_audio.o (mmEffect)
/opt/devkitpro/libgba/lib/libmm.a(mm_mas_arm.o)
                              /opt/devkitpro/libgba/lib/libmm.a(mm_mas.o) (mmAllocChannel)
/opt/devkitpro/libgba/lib/libmm.a(mm_mixer_gba.o)
                              bn_hw_audio.o (mmVBlank)
/opt/devkitpro/libgba/lib/libmm.a(mm_main_gba.o)
                              /opt/devkitpro/libgba/lib/libmm.a(mm_mixer_gba.o) (mm_vblank_function)
/opt/devkitpro/devkitARM/bin/../lib/gcc/arm-none-eabi/13.1.0/thumb/libgcc.a(_call_via_rX.o)
                              /opt/devkitpro/libgba/lib/libmm.a(mm_main_gba.o) (_call_via_r1)
/opt/devkitpro/devkitARM/bin/../lib/gcc/arm-none-eabi/13.1.0/thumb/libgcc.a(_aeabi_ldivmod.o)
                              bn_hw_text.o (__aeabi_ldivmod)
/opt/devkitpro/devkitARM/bin/../lib/gcc/arm-none-eabi/13.1.0/thumb/libgcc.a(_aeabi_uldivmod.o)
                              bn_hw_text.o (__aeabi_uldivmod)
/opt/devkitpro/devkitARM/bin/../lib/gcc/arm-none-eabi/13.1.0/thumb/libgcc.a(_udivmoddi4.o)
                              /opt/devkitpro/devkitARM/bin/../lib/gcc/arm-none-eabi/13.1.0/thumb/libgcc.a(_aeabi_ldivmod.o) (__udivmoddi4)
/opt/devkitpro/devkitARM/bin/../lib/gcc/arm-none-eabi/13.1.0/../../../../arm-none-eabi/lib/thumb/libg.a(libc_a-init.o)
                              /opt/devkitpro/devkitARM/bin/../lib/gcc/arm-none-eabi/13.1.0/../../../../arm-none-eabi/lib/thumb/gba_crt0.o (__libc_init_array)
/opt/devkitpro/devkitARM/bin/../lib/gcc/arm-none-eabi/13.1.0/../../../../arm-none-eabi/lib/thumb/libsysbase.a(libsysbase_libsysbase_a-malloc_vars.o)
                              /opt/devkitpro/devkitARM/bin/../lib/gcc/arm-none-eabi/13.1.0/../../../../arm-none-eabi/lib/thumb/gba_crt0.o (fake_heap_end)

Discarded input sections

 .text          0x00000000        0x0 /opt/devkitpro/devkitARM/bin/../lib/gcc/arm-none-eabi/13.1.0/../../../../arm-none-eabi/lib/thumb/gba_crt0.o
 .data          0x00000000        0x0 /opt/devkitpro/devkitARM/bin/../lib/gcc/arm-none-eabi/13.1.0/../../../../arm-none-eabi/lib/thumb/gba_crt0.o
 .bss           0x00000000        0x0 /opt/devkitpro/devkitARM/bin/../lib/gcc/arm-none-eabi/13.1.0/../../../../arm-none-eabi/lib/thumb/gba_crt0.o
 .text          0x00000000        0x0 /opt/devkitpro/devkitARM/bin/../lib/gcc/arm-none-eabi/13.1.0/thumb/crti.o
 .data          0x00000000        0x0 /opt/devkitpro/devkitARM/bin/../lib/gcc/arm-none-eabi/13.1.0/thumb/crti.o
 .bss           0x00000000        0x0 /opt/devkitpro/devkitARM/bin/../lib/gcc/arm-none-eabi/13.1.0/thumb/crti.o
 .text          0x00000000        0x0 /opt/devkitpro/devkitARM/bin/../lib/gcc/arm-none-eabi/13.1.0/thumb/crtbegin.o
 .data          0x00000000        0x0 /opt/devkitpro/devkitARM/bin/../lib/gcc/arm-none-eabi/13.1.0/thumb/crtbegin.o
 .bss           0x00000000        0x0 /opt/devkitpro/devkitARM/bin/../lib/gcc/arm-none-eabi/13.1.0/thumb/crtbegin.o
 .rodata.all_implied_fbits
                0x00000000       0x24 /opt/devkitpro/devkitARM/bin/../lib/gcc/arm-none-eabi/13.1.0/thumb/crtbegin.o
 .data.__dso_handle
                0x00000000        0x4 /opt/devkitpro/devkitARM/bin/../lib/gcc/arm-none-eabi/13.1.0/thumb/crtbegin.o
 .text          0x00000000        0x0 _bn_audio_soundbank.bin.o
 .data          0x00000000        0x0 _bn_audio_soundbank.bin.o
 .bss           0x00000000        0x0 _bn_audio_soundbank.bin.o
 .text          0x00000000        0x0 dices_bn_gfx.o
 .data          0x00000000        0x0 dices_bn_gfx.o
 .bss           0x00000000        0x0 dices_bn_gfx.o
 .text          0x00000000        0x0 common_fixed_8x16_font_bn_gfx.o
 .data          0x00000000        0x0 common_fixed_8x16_font_bn_gfx.o
 .bss           0x00000000        0x0 common_fixed_8x16_font_bn_gfx.o
 .rodata        0x00000000     0x1ba0 common_fixed_8x16_font_bn_gfx.o
 .text          0x00000000        0x0 common_fixed_8x8_font_bn_gfx.o
 .data          0x00000000        0x0 common_fixed_8x8_font_bn_gfx.o
 .bss           0x00000000        0x0 common_fixed_8x8_font_bn_gfx.o
 .rodata        0x00000000      0xde0 common_fixed_8x8_font_bn_gfx.o
 .text          0x00000000        0x0 common_variable_16x16_font_bn_gfx.o
 .data          0x00000000        0x0 common_variable_16x16_font_bn_gfx.o
 .bss           0x00000000        0x0 common_variable_16x16_font_bn_gfx.o
 .text          0x00000000        0x0 common_variable_8x16_font_bn_gfx.o
 .data          0x00000000        0x0 common_variable_8x16_font_bn_gfx.o
 .bss           0x00000000        0x0 common_variable_8x16_font_bn_gfx.o
 .rodata        0x00000000     0x1ba0 common_variable_8x16_font_bn_gfx.o
[...]
Memory Configuration

Name             Origin             Length             Attributes
rom              0x08000000         0x02000000
iwram            0x03000000         0x00008000
ewram            0x02000000         0x00040000
*default*        0x00000000         0xffffffff

Linker script and memory map

                0x08000000                        __text_start = ORIGIN (rom)
                0x02040000                        __eheap_end = (ORIGIN (ewram) + LENGTH (ewram))
                0x03000000                        __iwram_start = ORIGIN (iwram)
                0x03008000                        __iwram_top = (ORIGIN (iwram) + LENGTH (iwram))
                0x03007fa0                        __sp_irq = (__iwram_top - 0x60)
                0x03007f00                        __sp_usr = (__sp_irq - 0xa0)
                0x03007ff8                        __irq_flags = 0x3007ff8
                0x08000000                        . = __text_start

.crt0           0x08000000      0x210
 *(.crt0)
 .crt0          0x08000000      0x210 /opt/devkitpro/devkitARM/bin/../lib/gcc/arm-none-eabi/13.1.0/../../../../arm-none-eabi/lib/thumb/gba_crt0.o
                0x08000000                _start
                0x080000c4                __boot_method
                0x080000c5                __slave_number
                0x080000e0                start_vector
                0x08000210                        . = ALIGN (0x4)

.init           0x08000210        0xc
 *(SORT_NONE(.init))
 .init          0x08000210        0x4 /opt/devkitpro/devkitARM/bin/../lib/gcc/arm-none-eabi/13.1.0/thumb/crti.o
                0x08000210                _init
 .init          0x08000214        0x8 /opt/devkitpro/devkitARM/bin/../lib/gcc/arm-none-eabi/13.1.0/thumb/crtn.o

.plt            0x0800021c        0x0
 *(.plt)
                0x0800021c                        . = ALIGN (0x4)

.text           0x08000220    0x122a0
 *(EXCLUDE_FILE(*.iwram*) .text*)
 .text.__do_global_dtors_aux
                0x08000220       0x2c /opt/devkitpro/devkitARM/bin/../lib/gcc/arm-none-eabi/13.1.0/thumb/crtbegin.o
 .text.frame_dummy
                0x0800024c       0x24 /opt/devkitpro/devkitARM/bin/../lib/gcc/arm-none-eabi/13.1.0/thumb/crtbegin.o
 .text.startup.main
                0x08000270       0x10 main.o
                0x08000270                main
 .text._ZN4game12title_screenEv
                0x08000280       0xd8 title_screen.o
                0x08000280                game::title_screen()
 .text._ZN3_bn6assert9show_argsIA16_ciEEvPKcS4_S4_iRKT_RKT0_
                0x08000358       0x58 common_info.o
                0x08000358                void _bn::assert::show_args<char [16], int>(char const*, char const*, char const*, int, char const (&) [16], int const&)
 .text._ZN3_bn6assert9show_argsIA15_ciEEvPKcS4_S4_iRKT_RKT0_
                0x080003b0       0x58 common_stats.o
                0x080003b0                void _bn::assert::show_args<char [15], int>(char const*, char const*, char const*, int, char const (&) [15], int const&)
 .text._ZN2bn13audio_manager4initEv
                0x08000408        0xc bn_audio_manager.o
                0x08000408                bn::audio_manager::init()
 .text._ZN2bn13audio_manager7disableEv
                0x08000414        0xc bn_audio_manager.o
                0x08000414                bn::audio_manager::disable()
 .text._ZN2bn13audio_manager22disable_vblank_handlerEv
                0x08000420        0xc bn_audio_manager.o
                0x08000420                bn::audio_manager::disable_vblank_handler()
 .text._ZN2bn13audio_manager6updateEv
                0x0800042c       0x18 bn_audio_manager.o
                0x0800042c                bn::audio_manager::update()
 .text._ZN2bn13audio_manager6commitEv
                0x08000444        0xc bn_audio_manager.o
                0x08000444                bn::audio_manager::commit()
 .text._ZN3_bn6assert9show_argsIA18_ciEEvPKcS4_S4_iRKT_RKT0_
                0x08000450       0x58 bn_audio_manager.o
                0x08000450                void _bn::assert::show_args<char [18], int>(char const*, char const*, char const*, int, char const (&) [18], int const&)
 .text._ZN3_bn6assert9show_argsIA14_ciEEvPKcS4_S4_iRKT_RKT0_
                0x080004a8       0x58 bn_audio_manager.o
                0x080004a8                void _bn::assert::show_args<char [14], int>(char const*, char const*, char const*, int, char const (&) [14], int const&)
 .text._ZN2bn13audio_manager16execute_commandsEv
                0x08000500      0x274 bn_audio_manager.o
                0x08000500                bn::audio_manager::execute_commands()
 .text._ZN3_bn6assert9show_argsIA26_ciEEvPKcS4_S4_iRKT_RKT0_
                0x08000774       0x58 bn_audio_manager.o
                0x08000774                void _bn::assert::show_args<char [26], int>(char const*, char const*, char const*, int, char const (&) [26], int const&)
 .text._ZN3_bn6assert9show_argsIA33_cEEvPKcS4_S4_iRKT_
                0x080007cc       0x50 bn_audio_manager.o
                0x080007cc                void _bn::assert::show_args<char [33]>(char const*, char const*, char const*, int, char const (&) [33])
 .text._ZN3_bn6assert9show_argsIA25_cEEvPKcS4_S4_iRKT_
                0x0800081c       0x50 bn_audio_manager.o
                0x0800081c                void _bn::assert::show_args<char [25]>(char const*, char const*, char const*, int, char const (&) [25])
 .text._ZN2bn13audio_manager10stop_musicEv
                0x0800086c       0x70 bn_audio_manager.o
                0x0800086c                bn::audio_manager::stop_music()
 .text._ZN2bn13audio_manager4stopEv
                0x080008dc       0x60 bn_audio_manager.o
                0x080008dc                bn::audio_manager::stop()
 .text._ZN3_bn6assert9show_argsIA24_cEEvPKcS4_S4_iRKT_
                0x0800093c       0x50 bn_audio_manager.o
                0x0800093c                void _bn::assert::show_args<char [24]>(char const*, char const*, char const*, int, char const (&) [24])
 .text.startup._GLOBAL__sub_I__ZN2bn5audio16update_on_vblankEv
                0x0800098c       0x40 bn_audio_manager.o
 .text._ZN3_bn6assert9show_argsIA23_cEEvPKcS4_S4_iRKT_
                0x080009cc       0x50 bn_best_fit_allocator.o
                0x080009cc                void _bn::assert::show_args<char [23]>(char const*, char const*, char const*, int, char const (&) [23])
 .text._ZN2bn18best_fit_allocatorD2Ev
                0x08000a1c       0x34 bn_best_fit_allocator.o
                0x08000a1c                bn::best_fit_allocator::~best_fit_allocator()
                0x08000a1c                bn::best_fit_allocator::~best_fit_allocator()
 .text._ZN3_bn6assert9show_argsIA20_ciEEvPKcS4_S4_iRKT_RKT0_
                0x08000a50       0x58 bn_best_fit_allocator.o
                0x08000a50                void _bn::assert::show_args<char [20], int>(char const*, char const*, char const*, int, char const (&) [20], int const&)
 .text._ZN3_bn6assert9show_argsIA14_cEEvPKcS4_S4_iRKT_
                0x08000aa8       0x50 bn_best_fit_allocator.o
                0x08000aa8                void _bn::assert::show_args<char [14]>(char const*, char const*, char const*, int, char const (&) [14])
 .text._ZN3_bn6assert9show_argsIA21_cEEvPKcS4_S4_iRKT_
                0x08000af8       0x50 bn_best_fit_allocator.o
                0x08000af8                void _bn::assert::show_args<char [21]>(char const*, char const*, char const*, int, char const (&) [21])
 .text._ZN2bn18best_fit_allocator5resetEPvi
                0x08000b48       0xc4 bn_best_fit_allocator.o
                0x08000b48                bn::best_fit_allocator::reset(void*, int)
 .text._ZN2bn13ostringstream11append_argsIiJA4_ciEEEvRKT_DpRKT0_.isra.0
                0x08000c0c       0x24 bn_bg_blocks_manager.o
 .text._ZNK2bn18regular_bg_map_ptr2idEv
                0x08000c30       0x18 bn_bg_blocks_manager.o
                0x08000c30                bn::regular_bg_map_ptr::id() const
 .text._ZNK2bn18regular_bg_map_ptr10dimensionsEv
                0x08000c48       0x20 bn_bg_blocks_manager.o
                0x08000c48                bn::regular_bg_map_ptr::dimensions() const
 .text._ZNK2bn20regular_bg_tiles_ptr3cbbEv
                0x08000c68       0x18 bn_bg_blocks_manager.o
                0x08000c68                bn::regular_bg_tiles_ptr::cbb() const
 .text._ZNK2bn17affine_bg_map_ptr2idEv
                0x08000c80       0x18 bn_bg_blocks_manager.o
                0x08000c80                bn::affine_bg_map_ptr::id() const
 .text._ZNK2bn17affine_bg_map_ptr10dimensionsEv
                0x08000c98       0x20 bn_bg_blocks_manager.o
                0x08000c98                bn::affine_bg_map_ptr::dimensions() const
 .text._ZNK2bn19affine_bg_tiles_ptr3cbbEv
                0x08000cb8       0x18 bn_bg_blocks_manager.o
                0x08000cb8                bn::affine_bg_tiles_ptr::cbb() const
 .text._ZN2bn17bg_blocks_manager15decrease_usagesEi
                0x08000cd0       0x98 bn_bg_blocks_manager.o
                0x08000cd0                bn::bg_blocks_manager::decrease_usages(int)
 .text._ZN2bn17bg_blocks_manager12_GLOBAL__N_110items_list12insert_afterEiRKNS1_9item_typeE.constprop.0
                0x08000d68      0x250 bn_bg_blocks_manager.o
 .text._ZN2bn17bg_blocks_manager4initEv
                0x08000fb8       0x7c bn_bg_blocks_manager.o
                0x08000fb8                bn::bg_blocks_manager::init()
 .text._ZN2bn17bg_blocks_manager11must_commitEi
                0x08001034       0x18 bn_bg_blocks_manager.o
                0x08001034                bn::bg_blocks_manager::must_commit(int)
 .text._ZN3_bn6assert9show_argsIA27_ciEEvPKcS4_S4_iRKT_RKT0_
                0x0800104c       0x58 bn_bg_blocks_manager.o
                0x0800104c                void _bn::assert::show_args<char [27], int>(char const*, char const*, char const*, int, char const (&) [27], int const&)
 .text._ZN3_bn6assert9show_argsIJA22_ciA4_ciEEEvPKcS5_S5_iDpRKT_
                0x080010a4       0x5c bn_bg_blocks_manager.o
                0x080010a4                void _bn::assert::show_args<char [22], int, char [4], int>(char const*, char const*, char const*, int, char const (&) [22], int const&, char const (&) [4], int const&)
 .text._ZN3_bn6assert9show_argsIJA58_ciA4_ciEEEvPKcS5_S5_iDpRKT_
                0x08001100       0x5c bn_bg_blocks_manager.o
                0x08001100                void _bn::assert::show_args<char [58], int, char [4], int>(char const*, char const*, char const*, int, char const (&) [58], int const&, char const (&) [4], int const&)
 .text._ZN3_bn6assert9show_argsIA22_ciEEvPKcS4_S4_iRKT_RKT0_
                0x0800115c       0x58 bn_bg_blocks_manager.o
                0x0800115c                void _bn::assert::show_args<char [22], int>(char const*, char const*, char const*, int, char const (&) [22], int const&)
 .text._ZN3_bn6assert9show_argsIA19_cEEvPKcS4_S4_iRKT_
                0x080011b4       0x50 bn_bg_blocks_manager.o
                0x080011b4                void _bn::assert::show_args<char [19]>(char const*, char const*, char const*, int, char const (&) [19])
 .text._ZN3_bn6assert9show_argsIA22_cEEvPKcS4_S4_iRKT_
                0x08001204       0x50 bn_bg_blocks_manager.o
                0x08001204                void _bn::assert::show_args<char [22]>(char const*, char const*, char const*, int, char const (&) [22])
 .text._ZNK2bn18regular_bg_map_ptr5tilesEv
                0x08001254       0x48 bn_bg_blocks_manager.o
                0x08001254                bn::regular_bg_map_ptr::tiles() const
 .text._ZNK2bn17affine_bg_map_ptr5tilesEv
                0x0800129c       0x48 bn_bg_blocks_manager.o
                0x0800129c                bn::affine_bg_map_ptr::tiles() const
 .text._ZNK2bn18regular_bg_map_ptr3bppEv
                0x080012e4       0x4c bn_bg_blocks_manager.o
                0x080012e4                bn::regular_bg_map_ptr::bpp() const
 .text._ZN2bn17bg_blocks_manager21update_affine_map_rowEiii
                0x08001330      0x104 bn_bg_blocks_manager.o
                0x08001330                bn::bg_blocks_manager::update_affine_map_row(int, int, int)
 .text._ZN2bn17bg_blocks_manager23set_affine_map_positionEiii
                0x08001434      0x1c4 bn_bg_blocks_manager.o
                0x08001434                bn::bg_blocks_manager::set_affine_map_position(int, int, int)
 .text._ZN2bn17bg_blocks_manager21update_affine_map_colEiii
                0x080015f8      0x224 bn_bg_blocks_manager.o
                0x080015f8                bn::bg_blocks_manager::update_affine_map_col(int, int, int)
 .text._ZN2bn17bg_blocks_manager22update_regular_map_colEiii
                0x0800181c      0x174 bn_bg_blocks_manager.o
                0x0800181c                bn::bg_blocks_manager::update_regular_map_col(int, int, int)
 .text._ZN2bn17bg_blocks_manager22update_regular_map_rowEiii
                0x08001990      0x14c bn_bg_blocks_manager.o
                0x08001990                bn::bg_blocks_manager::update_regular_map_row(int, int, int)
 .text._ZN2bn17bg_blocks_manager24set_regular_map_positionEiii
                0x08001adc      0x1d4 bn_bg_blocks_manager.o
                0x08001adc                bn::bg_blocks_manager::set_regular_map_position(int, int, int)
 .text._ZN2bn17bg_blocks_manager12_GLOBAL__N_112_commit_itemERKNS1_9item_typeE
                0x08001cb0      0x2b8 bn_bg_blocks_manager.o
 .text._ZN2bn17bg_blocks_manager6commitEv
                0x08001f68       0x40 bn_bg_blocks_manager.o
                0x08001f68                bn::bg_blocks_manager::commit()
 .text._ZN3_bn6assert9show_argsIA26_cEEvPKcS4_S4_iRKT_
                0x08001fa8       0x50 bn_bg_blocks_manager.o
                0x08001fa8                void _bn::assert::show_args<char [26]>(char const*, char const*, char const*, int, char const (&) [26])
 .text._ZN3_bn6assert9show_argsIA31_cEEvPKcS4_S4_iRKT_
                0x08001ff8       0x50 bn_bg_blocks_manager.o
                0x08001ff8                void _bn::assert::show_args<char [31]>(char const*, char const*, char const*, int, char const (&) [31])
 .text._ZN3_bn6assert9show_argsIA17_cEEvPKcS4_S4_iRKT_
                0x08002048       0x50 bn_bg_blocks_manager.o
                0x08002048                void _bn::assert::show_args<char [17]>(char const*, char const*, char const*, int, char const (&) [17])
 .text._ZN3_bn6assert9show_argsIA39_ciEEvPKcS4_S4_iRKT_RKT0_
                0x08002098       0x58 bn_bg_blocks_manager.o
                0x08002098                void _bn::assert::show_args<char [39], int>(char const*, char const*, char const*, int, char const (&) [39], int const&)
 .text._ZN3_bn6assert9show_argsIA25_ciEEvPKcS4_S4_iRKT_RKT0_
                0x080020f0       0x58 bn_bg_blocks_manager.o
                0x080020f0                void _bn::assert::show_args<char [25], int>(char const*, char const*, char const*, int, char const (&) [25], int const&)
 .text._ZN2bn14iunordered_mapIPKviNS_17bg_blocks_manager12_GLOBAL__N_115identity_hasherENS_8equal_toIS2_EEE5eraseERKNS8_14const_iteratorE.constprop.0.isra.0
                0x08002148      0x1a4 bn_bg_blocks_manager.o
 .text._ZN2bn17bg_blocks_manager12_GLOBAL__N_121_remove_adjacent_itemEiRNS1_9item_typeE
                0x080022ec       0xcc bn_bg_blocks_manager.o
 .text._ZN2bn17bg_blocks_manager6updateEv
                0x080023b8      0x200 bn_bg_blocks_manager.o
                0x080023b8                bn::bg_blocks_manager::update()
 .text.startup._GLOBAL__sub_I__ZN2bn7bg_maps16used_cells_countEv
                0x080025b8       0x98 bn_bg_blocks_manager.o
 .text.exit._GLOBAL__sub_D__ZN2bn7bg_maps16used_cells_countEv
                0x08002650       0x50 bn_bg_blocks_manager.o
 .text._ZN2bn11bgs_manager12_GLOBAL__N_133_update_item_hw_affine_attributesERKNS1_9item_typeE
                0x080026a0       0x48 bn_bgs_manager.o
 .text._ZN2bn13ostringstream11append_argsIiJA4_ciEEEvRKT_DpRKT0_.isra.0
                0x080026e8       0x24 bn_bgs_manager.o
 .text._ZN2bn11bgs_manager5hw_idEPv
                0x0800270c        0x8 bn_bgs_manager.o
                0x0800270c                bn::bgs_manager::hw_id(void*)
 .text._ZN2bn11bgs_manager11hw_positionEPv
                0x08002714        0x4 bn_bgs_manager.o
                0x08002714                bn::bgs_manager::hw_position(void*)
 .text._ZN2bn11bgs_manager14mat_attributesEPv
                0x08002718        0x4 bn_bgs_manager.o
                0x08002718                bn::bgs_manager::mat_attributes(void*)
 .text._ZN2bn11bgs_manager20update_windows_flagsEPj
                0x0800271c       0x7c bn_bgs_manager.o
                0x0800271c                bn::bgs_manager::update_windows_flags(unsigned int*)
 .text._ZN2bn11bgs_manager36fill_hblank_effect_regular_positionsEiPKNS_7fixed_tILi12EEEPt
                0x08002798       0x38 bn_bgs_manager.o
                0x08002798                bn::bgs_manager::fill_hblank_effect_regular_positions(int, bn::fixed_t<12> const*, unsigned short*)
 .text._ZN2bn11bgs_manager45fill_hblank_effect_pivot_horizontal_positionsEPvPKNS_7fixed_tILi12EEEPj
                0x080027d0       0x24 bn_bgs_manager.o
                0x080027d0                bn::bgs_manager::fill_hblank_effect_pivot_horizontal_positions(void*, bn::fixed_t<12> const*, unsigned int*)
 .text._ZN2bn11bgs_manager43fill_hblank_effect_pivot_vertical_positionsEPvPKNS_7fixed_tILi12EEEPj
                0x080027f4       0x24 bn_bgs_manager.o
                0x080027f4                bn::bgs_manager::fill_hblank_effect_pivot_vertical_positions(void*, bn::fixed_t<12> const*, unsigned int*)
 .text._ZN2bn11bgs_manager6commitEb
                0x08002818       0x58 bn_bgs_manager.o
                0x08002818                bn::bgs_manager::commit(bool)
 .text._ZN2bn11bgs_manager4stopEv
                0x08002870       0x28 bn_bgs_manager.o
                0x08002870                bn::bgs_manager::stop()
 .text._ZN3_bn6assert9show_argsIA30_cEEvPKcS4_S4_iRKT_
                0x08002898       0x50 bn_bgs_manager.o
                0x08002898                void _bn::assert::show_args<char [30]>(char const*, char const*, char const*, int, char const (&) [30])
 .text._ZN3_bn6assert9show_argsIJA60_ciA4_ciEEEvPKcS5_S5_iDpRKT_
                0x080028e8       0x5c bn_bgs_manager.o
                0x080028e8                void _bn::assert::show_args<char [60], int, char [4], int>(char const*, char const*, char const*, int, char const (&) [60], int const&, char const (&) [4], int const&)
 .text._ZN3_bn6assert9show_argsIJA59_ciA4_ciEEEvPKcS5_S5_iDpRKT_
                0x08002944       0x5c bn_bgs_manager.o
                0x08002944                void _bn::assert::show_args<char [59], int, char [4], int>(char const*, char const*, char const*, int, char const (&) [59], int const&, char const (&) [4], int const&)
 .text._ZN3_bn6assert9show_argsIJA57_ciA4_ciEEEvPKcS5_S5_iDpRKT_
                0x080029a0       0x5c bn_bgs_manager.o
                0x080029a0                void _bn::assert::show_args<char [57], int, char [4], int>(char const*, char const*, char const*, int, char const (&) [57], int const&, char const (&) [4], int const&)
 .text._ZN2bn11bgs_manager14update_camerasEv
                0x080029fc      0x2b4 bn_bgs_manager.o
                0x080029fc                bn::bgs_manager::update_cameras()
 .text._ZN3_bn6assert9show_argsIA27_cEEvPKcS4_S4_iRKT_
                0x08002cb0       0x50 bn_bgs_manager.o
                0x08002cb0                void _bn::assert::show_args<char [27]>(char const*, char const*, char const*, int, char const (&) [27])
 .text._ZN2bn11bgs_manager15rebuild_handlesEv.part.0
                0x08002d00      0x198 bn_bgs_manager.o
 .text._ZN2bn11bgs_manager37fill_hblank_effect_regular_attributesEPvPKNS_21regular_bg_attributesEPt
                0x08002e98      0x100 bn_bgs_manager.o
                0x08002e98                bn::bgs_manager::fill_hblank_effect_regular_attributes(void*, bn::regular_bg_attributes const*, unsigned short*)
 .text._ZN2bn11bgs_manager6updateEv
                0x08002f98      0x1d0 bn_bgs_manager.o
                0x08002f98                bn::bgs_manager::update()
 .text._ZN2bn11bgs_manager15commit_big_mapsEv
                0x08003168      0x1d4 bn_bgs_manager.o
                0x08003168                bn::bgs_manager::commit_big_maps()
 .text._ZN2bn11bgs_manager36fill_hblank_effect_affine_attributesEPvPKNS_20affine_bg_attributesEPt
                0x0800333c      0x104 bn_bgs_manager.o
                0x0800333c                bn::bgs_manager::fill_hblank_effect_affine_attributes(void*, bn::affine_bg_attributes const*, unsigned short*)
 .text._ZN2bn11bgs_manager10affine_mapEPv
                0x08003440       0x34 bn_bgs_manager.o
                0x08003440                bn::bgs_manager::affine_map(void*)
 .text._ZN2bn11bgs_manager11regular_mapEPv
                0x08003474       0x34 bn_bgs_manager.o
                0x08003474                bn::bgs_manager::regular_map(void*)
 .text._ZN3_bn6assert9show_argsIA15_cEEvPKcS4_S4_iRKT_
                0x080034a8       0x50 bn_bgs_manager.o
                0x080034a8                void _bn::assert::show_args<char [15]>(char const*, char const*, char const*, int, char const (&) [15])
 .text._ZN3_bn6assert9show_argsIA13_cEEvPKcS4_S4_iRKT_
                0x080034f8       0x50 bn_bgs_manager.o
                0x080034f8                void _bn::assert::show_args<char [13]>(char const*, char const*, char const*, int, char const (&) [13])
 .text.startup._GLOBAL__sub_I__ZN2bn3bgs16used_items_countEv
                0x08003548       0x80 bn_bgs_manager.o
 .text.exit._GLOBAL__sub_D__ZN2bn3bgs16used_items_countEv
                0x080035c8       0x14 bn_bgs_manager.o
 .text._ZN2bn10camera_ptrD2Ev
                0x080035dc       0x38 bn_cameras_manager.o
                0x080035dc                bn::camera_ptr::~camera_ptr()
                0x080035dc                bn::camera_ptr::~camera_ptr()
 .text._ZNK2bn10camera_ptr8positionEv
                0x08003614       0x14 bn_cameras_manager.o
                0x08003614                bn::camera_ptr::position() const
 .text._ZN2bn15cameras_manager4initEv
                0x08003628       0x10 bn_cameras_manager.o
                0x08003628                bn::cameras_manager::init()
 .text._ZN2bn15cameras_manager6updateEv
                0x08003638       0x28 bn_cameras_manager.o
                0x08003638                bn::cameras_manager::update()
 .text._ZN2bn4core12_GLOBAL__N_14stopEb.constprop.0
                0x08003660       0x54 bn_core.o
 .text._ZN2bn4core12_GLOBAL__N_111update_implEv
                0x080036b4       0xd8 bn_core.o
 .text._ZN2bn11string_viewC2EPKc
                0x0800378c       0x1c bn_core.o
                0x0800378c                bn::string_view::string_view(char const*)
                0x0800378c                bn::string_view::string_view(char const*)
 .text._ZN2bn4core6updateEv
                0x080037a8       0x68 bn_core.o
                0x080037a8                bn::core::update()
 .text._ZN2bn4core4initERKNS_11string_viewE
                0x08003810       0x94 bn_core.o
                0x08003810                bn::core::init(bn::string_view const&)
 .text._ZN2bn4core4initEv
                0x080038a4       0x18 bn_core.o
                0x080038a4                bn::core::init()
 .text._ZN2bn4core9on_vblankEv
                0x080038bc       0x2c bn_core.o
                0x080038bc                bn::core::on_vblank()
 .text._ZN3_bn6assert4showEPKcS2_S2_iRKN2bn12istring_baseE
                0x080038e8       0x80 bn_core.o
                0x080038e8                _bn::assert::show(char const*, char const*, char const*, int, bn::istring_base const&)
 .text.startup._GLOBAL__sub_I__ZN2bn4core4initEv
                0x08003968       0x44 bn_core.o
 .text._ZN2bn15display_manager12_GLOBAL__N_134_update_rect_windows_hw_boundariesEi
                0x080039ac       0x84 bn_display_manager.o
 .text._ZN2bn15display_manager4initEv
                0x08003a30       0x40 bn_display_manager.o
                0x08003a30                bn::display_manager::init()
 .text._ZN2bn15display_manager8set_modeEi
                0x08003a70       0x1c bn_display_manager.o
                0x08003a70                bn::display_manager::set_mode(int)
 .text._ZN2bn15display_manager14set_bg_enabledEib
                0x08003a8c       0x1c bn_display_manager.o
                0x08003a8c                bn::display_manager::set_bg_enabled(int, bool)
 .text._ZN2bn15display_manager15disable_all_bgsEv
                0x08003aa8       0x18 bn_display_manager.o
                0x08003aa8                bn::display_manager::disable_all_bgs()
 .text._ZN2bn15display_manager36fill_mosaic_hblank_effect_attributesEPKNS_17mosaic_attributesEPt
                0x08003ac0       0xb4 bn_display_manager.o
                0x08003ac0                bn::display_manager::fill_mosaic_hblank_effect_attributes(bn::mosaic_attributes const*, unsigned short*)
 .text._ZN2bn15display_manager23set_blending_bg_enabledEib
                0x08003b74       0x1c bn_display_manager.o
                0x08003b74                bn::display_manager::set_blending_bg_enabled(int, bool)
 .text._ZN2bn15display_manager32blending_transparency_top_weightEv
                0x08003b90       0x18 bn_display_manager.o
                0x08003b90                bn::display_manager::blending_transparency_top_weight()
 .text._ZN2bn15display_manager35blending_transparency_bottom_weightEv
                0x08003ba8       0x28 bn_display_manager.o
                0x08003ba8                bn::display_manager::blending_transparency_bottom_weight()
 .text._ZN2bn15display_manager51fill_blending_transparency_hblank_effect_attributesEPKNS_32blending_transparency_attributesEPt
                0x08003bd0       0x30 bn_display_manager.o
                0x08003bd0                bn::display_manager::fill_blending_transparency_hblank_effect_attributes(bn::blending_transparency_attributes const*, unsigned short*)
 .text._ZN2bn15display_manager21blending_fade_enabledEv
                0x08003c00        0xc bn_display_manager.o
                0x08003c00                bn::display_manager::blending_fade_enabled()
 .text._ZN2bn15display_manager39fill_blending_fade_hblank_effect_alphasEPKNS_19blending_fade_alphaEPt
                0x08003c0c       0x24 bn_display_manager.o
                0x08003c0c                bn::display_manager::fill_blending_fade_hblank_effect_alphas(bn::blending_fade_alpha const*, unsigned short*)
 .text._ZN2bn15display_manager26update_windows_visible_bgsEv
                0x08003c30       0x14 bn_display_manager.o
                0x08003c30                bn::display_manager::update_windows_visible_bgs()
 .text._ZN2bn15display_manager36rect_window_hw_horizontal_boundariesEi
                0x08003c44       0x14 bn_display_manager.o
                0x08003c44                bn::display_manager::rect_window_hw_horizontal_boundaries(int)
 .text._ZN2bn15display_manager34rect_window_hw_vertical_boundariesEi
                0x08003c58       0x14 bn_display_manager.o
                0x08003c58                bn::display_manager::rect_window_hw_vertical_boundaries(int)
 .text._ZN2bn15display_manager52fill_rect_window_hblank_effect_horizontal_boundariesERKNS_4pairIiiEEPKNS1_INS_7fixed_tILi12EEES6_EEPt
                0x08003c6c      0x13c bn_display_manager.o
                0x08003c6c                bn::display_manager::fill_rect_window_hblank_effect_horizontal_boundaries(bn::pair<int, int> const&, bn::pair<bn::fixed_t<12>, bn::fixed_t<12> > const*, unsigned short*)
 .text._ZN2bn15display_manager50fill_rect_window_hblank_effect_vertical_boundariesERKNS_4pairIiiEEPKNS1_INS_7fixed_tILi12EEES6_EEPt
                0x08003da8      0x13c bn_display_manager.o
                0x08003da8                bn::display_manager::fill_rect_window_hblank_effect_vertical_boundaries(bn::pair<int, int> const&, bn::pair<bn::fixed_t<12>, bn::fixed_t<12> > const*, unsigned short*)
 .text._ZN2bn15display_manager36fill_green_swap_hblank_effect_statesEPKbPt
                0x08003ee4       0x38 bn_display_manager.o
                0x08003ee4                bn::display_manager::fill_green_swap_hblank_effect_states(bool const*, unsigned short*)
 .text._ZN2bn15display_manager14update_camerasEv
                0x08003f1c       0x40 bn_display_manager.o
                0x08003f1c                bn::display_manager::update_cameras()
 .text._ZN2bn15display_manager6updateEv
                0x08003f5c      0x1f8 bn_display_manager.o
                0x08003f5c                bn::display_manager::update()
 .text._ZN2bn15display_manager6commitEv
                0x08004154      0x160 bn_display_manager.o
                0x08004154                bn::display_manager::commit()
 .text._ZN2bn15display_manager4stopEv
                0x080042b4       0x2c bn_display_manager.o
                0x080042b4                bn::display_manager::stop()
 .text._ZN3_bn6assert9show_argsIA66_cEEvPKcS4_S4_iRKT_
                0x080042e0       0x50 bn_display_manager.o
                0x080042e0                void _bn::assert::show_args<char [66]>(char const*, char const*, char const*, int, char const (&) [66])
 .text.startup._GLOBAL__sub_I__ZNK2bn6window7show_bgERKNS_14regular_bg_ptrE
                0x08004330       0x7c bn_display_manager.o
 .text.exit._GLOBAL__sub_D__ZNK2bn6window7show_bgERKNS_14regular_bg_ptrE
                0x080043ac       0x38 bn_display_manager.o
 .text._ZN2bn18igeneric_pool_baseC2EPci
                0x080043e4       0x10 bn_generic_pool.o
                0x080043e4                bn::igeneric_pool_base::igeneric_pool_base(char*, int)
                0x080043e4                bn::igeneric_pool_base::igeneric_pool_base(char*, int)
 .text._ZN2bn18igeneric_pool_base5_freeEPc
                0x080043f4       0x10 bn_generic_pool.o
                0x080043f4                bn::igeneric_pool_base::_free(char*)
 .text._ZN3_bn6assert9show_argsIA18_cEEvPKcS4_S4_iRKT_
                0x08004404       0x50 bn_generic_pool.o
                0x08004404                void _bn::assert::show_args<char [18]>(char const*, char const*, char const*, int, char const (&) [18])
 .text._ZN2bn18igeneric_pool_baseD2Ev
                0x08004454       0x30 bn_generic_pool.o
                0x08004454                bn::igeneric_pool_base::~igeneric_pool_base()
                0x08004454                bn::igeneric_pool_base::~igeneric_pool_base()
 .text._ZN2bn18igeneric_pool_base9_allocateEv
                0x08004484       0x48 bn_generic_pool.o
                0x08004484                bn::igeneric_pool_base::_allocate()
 .text._ZN2bn12gpio_manager6commitEv
                0x080044cc       0x48 bn_gpio_manager.o
                0x080044cc                bn::gpio_manager::commit()
 .text._ZN2bn12gpio_manager4stopEv
                0x08004514       0x3c bn_gpio_manager.o
                0x08004514                bn::gpio_manager::stop()
 .text._ZN2bn22hblank_effects_manager12_GLOBAL__N_19item_type18_output_values_ptrEv
                0x08004550       0x40 bn_hblank_effects_manager.o
 .text._ZN2bn22hblank_effects_manager7disableEv
                0x08004590       0x24 bn_hblank_effects_manager.o
                0x08004590                bn::hblank_effects_manager::disable()
 .text._ZN2bn22hblank_effects_manager6commitEv
                0x080045b4       0x74 bn_hblank_effects_manager.o
                0x080045b4                bn::hblank_effects_manager::commit()
 .text._ZN2bn22hblank_effects_manager12_GLOBAL__N_110_is_uint32ENS0_12handler_typeE
                0x08004628       0x64 bn_hblank_effects_manager.o
 .text._ZN2bn22hblank_effects_manager12_GLOBAL__N_19item_type12check_updateEv
                0x0800468c     0x15f8 bn_hblank_effects_manager.o
 .text._ZN2bn22hblank_effects_manager6updateEv
                0x08005c84      0x1ec bn_hblank_effects_manager.o
                0x08005c84                bn::hblank_effects_manager::update()
 .text._ZN2bn22hblank_effects_manager4initEv
                0x08005e70       0xd4 bn_hblank_effects_manager.o
                0x08005e70                bn::hblank_effects_manager::init()
 .text.startup._GLOBAL__sub_I__ZN2bn4hbes10used_countEv
                0x08005f44       0xe8 bn_hblank_effects_manager.o
 .text._ZN2bn12hdma_manager7disableEv
                0x0800602c       0x30 bn_hdma_manager.o
                0x0800602c                bn::hdma_manager::disable()
 .text._ZN2bn12hdma_manager10force_stopEv
                0x0800605c       0x3c bn_hdma_manager.o
                0x0800605c                bn::hdma_manager::force_stop()
 .text._ZN2bn12hdma_manager6updateEv
                0x08006098       0x6c bn_hdma_manager.o
                0x08006098                bn::hdma_manager::update()
 .text._ZN2bn12hdma_manager6commitEb
                0x08006104      0x118 bn_hdma_manager.o
                0x08006104                bn::hdma_manager::commit(bool)
 .text.startup._GLOBAL__sub_I__ZN2bn4hdma7runningEv
                0x0800621c       0x34 bn_hdma_manager.o
 .text._ZN2bn6keypad9a_pressedEv
                0x08006250       0x10 bn_keypad_manager.o
                0x08006250                bn::keypad::a_pressed()
 .text._ZN2bn14keypad_manager4stopEv
                0x08006260        0x4 bn_keypad_manager.o
                0x08006260                bn::keypad_manager::stop()
 .text._ZN3_bn6assert9show_argsIJA19_ciA4_ciEEEvPKcS5_S5_iDpRKT_
                0x08006264       0x6c bn_keypad_manager.o
                0x08006264                void _bn::assert::show_args<char [19], int, char [4], int>(char const*, char const*, char const*, int, char const (&) [19], int const&, char const (&) [4], int const&)
 .text._ZN2bn14keypad_manager6updateEv
                0x080062d0       0xa8 bn_keypad_manager.o
                0x080062d0                bn::keypad_manager::update()
 .text._ZN3_bn6assert9show_argsIA24_ciEEvPKcS4_S4_iRKT_RKT0_
                0x08006378       0x58 bn_keypad_manager.o
                0x08006378                void _bn::assert::show_args<char [24], int>(char const*, char const*, char const*, int, char const (&) [24], int const&)
 .text._ZN2bn14keypad_manager4initERKNS_11string_viewE
                0x080063d0       0x58 bn_keypad_manager.o
                0x080063d0                bn::keypad_manager::init(bn::string_view const&)
 .text._ZN3_bn6assert9show_argsIA16_cEEvPKcS4_S4_iRKT_
                0x08006428       0x50 bn_keypad_manager.o
                0x08006428                void _bn::assert::show_args<char [16]>(char const*, char const*, char const*, int, char const (&) [16])
 .text._ZN2bn12link_manager4initEv
                0x08006478        0xc bn_link_manager.o
                0x08006478                bn::link_manager::init()
 .text._ZN2bn12link_manager6activeEv
                0x08006484        0xc bn_link_manager.o
                0x08006484                bn::link_manager::active()
 .text._ZN2bn12link_manager7disableEv
                0x08006490       0x18 bn_link_manager.o
                0x08006490                bn::link_manager::disable()
 .text._ZN3_bn6assert9show_argsIA28_ciEEvPKcS4_S4_iRKT_RKT0_
                0x080064a8       0x58 bn_link_manager.o
                0x080064a8                void _bn::assert::show_args<char [28], int>(char const*, char const*, char const*, int, char const (&) [28], int const&)
 .text._ZN2bn3logERKNS_12istring_baseE
                0x08006500        0xc bn_log.o
                0x08006500                bn::log(bn::istring_base const&)
 .text._ZN2bn14memory_manager4initEv
                0x0800650c       0x20 bn_memory_manager.o
                0x0800650c                bn::memory_manager::init()
 .text.exit._GLOBAL__sub_D__Znwj
                0x0800652c       0x14 bn_memory_manager.o
 .text._ZN2bn2hw8palettes9grayscaleEPKNS_5colorEiiPS2_.part.0
                0x08006540       0x40 bn_palettes_manager.o
 .text._ZN2bn11bg_palettes21set_transparent_colorENS_5colorE
                0x08006580       0x40 bn_palettes_manager.o
                0x08006580                bn::bg_palettes::set_transparent_color(bn::color)
 .text._ZN2bn14bg_palette_ptrC2ERKS0_
                0x080065c0       0x2c bn_palettes_manager.o
                0x080065c0                bn::bg_palette_ptr::bg_palette_ptr(bn::bg_palette_ptr const&)
                0x080065c0                bn::bg_palette_ptr::bg_palette_ptr(bn::bg_palette_ptr const&)
 .text._ZNK2bn14bg_palette_ptr3bppEv
                0x080065ec       0x20 bn_palettes_manager.o
                0x080065ec                bn::bg_palette_ptr::bpp() const
 .text._ZN2bn18sprite_palette_ptrC2ERKS0_
                0x0800660c       0x1c bn_palettes_manager.o
                0x0800660c                bn::sprite_palette_ptr::sprite_palette_ptr(bn::sprite_palette_ptr const&)
                0x0800660c                bn::sprite_palette_ptr::sprite_palette_ptr(bn::sprite_palette_ptr const&)
 .text._ZNK2bn18sprite_palette_ptr3bppEv
                0x08006628       0x1c bn_palettes_manager.o
                0x08006628                bn::sprite_palette_ptr::bpp() const
 .text._ZNK2bn13palettes_bank10log_statusEv
                0x08006644      0x178 bn_palettes_manager.o
                0x08006644                bn::palettes_bank::log_status() const
 .text._ZNK2bn13palettes_bank20retrieve_commit_dataEv
                0x080067bc       0x4c bn_palettes_manager.o
                0x080067bc                bn::palettes_bank::retrieve_commit_data() const
 .text._ZNK2bn13palettes_bank12_same_colorsERKNS_4spanIKNS_5colorEEEi
                0x08006808       0x50 bn_palettes_manager.o
                0x08006808                bn::palettes_bank::_same_colors(bn::span<bn::color const> const&, int) const
 .text._ZN2bn13palettes_bank10find_bpp_4ERKNS_4spanIKNS_5colorEEEt
                0x08006858       0xdc bn_palettes_manager.o
                0x08006858                bn::palettes_bank::find_bpp_4(bn::span<bn::color const> const&, unsigned short)
 .text._ZNK2bn13palettes_bank21_apply_global_effectsEiPNS_5colorE
                0x08006934      0x13c bn_palettes_manager.o
                0x08006934                bn::palettes_bank::_apply_global_effects(int, bn::color*) const
 .text._ZNK2bn13palettes_bank25fill_hblank_effect_colorsEPKNS_5colorEPt
                0x08006a70       0x30 bn_palettes_manager.o
                0x08006a70                bn::palettes_bank::fill_hblank_effect_colors(bn::color const*, unsigned short*) const
 .text._ZNK2bn13palettes_bank7palette13apply_effectsEiPNS_5colorE
                0x08006aa0       0xbc bn_palettes_manager.o
                0x08006aa0                bn::palettes_bank::palette::apply_effects(int, bn::color*) const
 .text._ZNK2bn13palettes_bank25fill_hblank_effect_colorsEiPKNS_5colorEPt
                0x08006b5c       0x44 bn_palettes_manager.o
                0x08006b5c                bn::palettes_bank::fill_hblank_effect_colors(int, bn::color const*, unsigned short*) const
 .text._ZN2bn13palettes_bank15_update_paletteEi
                0x08006ba0       0x6c bn_palettes_manager.o
                0x08006ba0                bn::palettes_bank::_update_palette(int)
 .text._ZN2bn13palettes_bank6updateEv
                0x08006c0c      0x124 bn_palettes_manager.o
                0x08006c0c                bn::palettes_bank::update()
 .text._ZN2bn13palettes_bankC2Ev
                0x08006d30       0xcc bn_palettes_manager.o
                0x08006d30                bn::palettes_bank::palettes_bank()
                0x08006d30                bn::palettes_bank::palettes_bank()
 .text._ZN2bn16palettes_manager20sprite_palettes_bankEv
                0x08006dfc        0x8 bn_palettes_manager.o
                0x08006dfc                bn::palettes_manager::sprite_palettes_bank()
 .text._ZN2bn16palettes_manager16bg_palettes_bankEv
                0x08006e04        0x8 bn_palettes_manager.o
                0x08006e04                bn::palettes_manager::bg_palettes_bank()
 .text._ZN2bn16palettes_manager6updateEv
                0x08006e0c       0x20 bn_palettes_manager.o
                0x08006e0c                bn::palettes_manager::update()
 .text._ZN2bn16palettes_manager6commitEb
                0x08006e2c       0xf4 bn_palettes_manager.o
                0x08006e2c                bn::palettes_manager::commit(bool)
 .text._ZN2bn16palettes_manager4stopEv
                0x08006f20       0x20 bn_palettes_manager.o
                0x08006f20                bn::palettes_manager::stop()
 .text._ZN3_bn6assert9show_argsIA35_cEEvPKcS4_S4_iRKT_
                0x08006f40       0x50 bn_palettes_manager.o
                0x08006f40                void _bn::assert::show_args<char [35]>(char const*, char const*, char const*, int, char const (&) [35])
 .text._ZN2bn13palettes_bank11colors_hashERKNS_4spanIKNS_5colorEEE
                0x08006f90       0x50 bn_palettes_manager.o
                0x08006f90                bn::palettes_bank::colors_hash(bn::span<bn::color const> const&)
 .text._ZN3_bn6assert9show_argsIJA43_ciA36_cA42_cEEEvPKcS6_S6_iDpRKT_
                0x08006fe0       0x68 bn_palettes_manager.o
                0x08006fe0                void _bn::assert::show_args<char [43], int, char [36], char [42]>(char const*, char const*, char const*, int, char const (&) [43], int const&, char const (&) [36], char const (&) [42])
 .text._ZN2bn13palettes_bank12create_bpp_8ERKNS_4spanIKNS_5colorEEENS_16compression_typeEb
                0x08007048      0x22c bn_palettes_manager.o
                0x08007048                bn::palettes_bank::create_bpp_8(bn::span<bn::color const> const&, bn::compression_type, bool)
 .text._ZNK2bn19sprite_palette_item10decompressENS_4spanINS_5colorEEE
                0x08007274      0x16c bn_palettes_manager.o
                0x08007274                bn::sprite_palette_item::decompress(bn::span<bn::color>) const
 .text._ZN2bn13palettes_bank12create_bpp_4ERKNS_4spanIKNS_5colorEEEtb
                0x080073e0      0x298 bn_palettes_manager.o
                0x080073e0                bn::palettes_bank::create_bpp_4(bn::span<bn::color const> const&, unsigned short, bool)
 .text._ZN2bn12_GLOBAL__N_112_create_implERKNS_19sprite_palette_itemEb
                0x08007678       0x7c bn_palettes_manager.o
 .text._ZNK2bn19sprite_palette_item14create_paletteEv
                0x080076f4       0x48 bn_palettes_manager.o
                0x080076f4                bn::sprite_palette_item::create_palette() const
 .text._ZN2bn14iunordered_mapItsNS_13palettes_bank15identity_hasherENS_8equal_toItEEE5eraseERKNS5_14const_iteratorE.isra.0
                0x0800773c      0x170 bn_palettes_manager.o
 .text._ZN2bn13palettes_bank15decrease_usagesEi.part.0
                0x080078ac       0xdc bn_palettes_manager.o
 .text._ZN2bn14bg_palette_ptrD2Ev
                0x08007988       0x3c bn_palettes_manager.o
                0x08007988                bn::bg_palette_ptr::~bg_palette_ptr()
                0x08007988                bn::bg_palette_ptr::~bg_palette_ptr()
 .text._ZN2bn18sprite_palette_ptrD2Ev
                0x080079c4       0x30 bn_palettes_manager.o
                0x080079c4                bn::sprite_palette_ptr::~sprite_palette_ptr()
                0x080079c4                bn::sprite_palette_ptr::~sprite_palette_ptr()
 .text._ZN2bn14bg_palette_ptraSERKS0_
                0x080079f4       0x5c bn_palettes_manager.o
                0x080079f4                bn::bg_palette_ptr::operator=(bn::bg_palette_ptr const&)
 .text.startup._GLOBAL__sub_I__ZN2bn11bg_palettes17used_colors_countEv
                0x08007a50       0x20 bn_palettes_manager.o
 .text._ZN2bn26sprite_affine_mats_manager12_GLOBAL__N_119_sprite_double_sizeILi32ELi16EEEbiiiii
                0x08007a70       0x84 bn_sprite_affine_mats_manager.o
 .text._ZN2bn26sprite_affine_mats_manager12_GLOBAL__N_119_sprite_double_sizeILi16ELi32EEEbiiiii
                0x08007af4       0x84 bn_sprite_affine_mats_manager.o
 .text._ZNK2bn21sprite_affine_mat_ptr15horizontal_flipEv
                0x08007b78       0x18 bn_sprite_affine_mats_manager.o
                0x08007b78                bn::sprite_affine_mat_ptr::horizontal_flip() const
 .text._ZNK2bn21sprite_affine_mat_ptr13vertical_flipEv
                0x08007b90       0x18 bn_sprite_affine_mats_manager.o
                0x08007b90                bn::sprite_affine_mat_ptr::vertical_flip() const
 .text._ZNK2bn21sprite_affine_mat_ptr16flipped_identityEv
                0x08007ba8       0x14 bn_sprite_affine_mats_manager.o
                0x08007ba8                bn::sprite_affine_mat_ptr::flipped_identity() const
 .text._ZN2bn26sprite_affine_mats_manager13attach_spriteEiRNS_24intrusive_list_node_typeE
                0x08007bbc       0x2c bn_sprite_affine_mats_manager.o
                0x08007bbc                bn::sprite_affine_mats_manager::attach_sprite(int, bn::intrusive_list_node_type&)
 .text._ZN2bn26sprite_affine_mats_manager18sprite_double_sizeEiRKNS_17sprite_shape_sizeE
                0x08007be8      0x1dc bn_sprite_affine_mats_manager.o
                0x08007be8                bn::sprite_affine_mats_manager::sprite_double_size(int, bn::sprite_shape_size const&)
 .text._ZN2bn26sprite_affine_mats_manager20retrieve_commit_dataEv
                0x08007dc4       0x38 bn_sprite_affine_mats_manager.o
                0x08007dc4                bn::sprite_affine_mats_manager::retrieve_commit_data()
 .text._ZN3_bn6assert9show_argsIA37_cEEvPKcS4_S4_iRKT_
                0x08007dfc       0x50 bn_sprite_affine_mats_manager.o
                0x08007dfc                void _bn::assert::show_args<char [37]>(char const*, char const*, char const*, int, char const (&) [37])
 .text._ZN2bn26sprite_affine_mats_manager15decrease_usagesEi.part.0
                0x08007e4c       0x68 bn_sprite_affine_mats_manager.o
 .text._ZN2bn21sprite_affine_mat_ptrD2Ev
                0x08007eb4       0x34 bn_sprite_affine_mats_manager.o
                0x08007eb4                bn::sprite_affine_mat_ptr::~sprite_affine_mat_ptr()
                0x08007eb4                bn::sprite_affine_mat_ptr::~sprite_affine_mat_ptr()
 .text._ZN2bn26sprite_affine_mats_manager6updateEv
                0x08007ee8       0xa0 bn_sprite_affine_mats_manager.o
                0x08007ee8                bn::sprite_affine_mats_manager::update()
 .text._ZN2bn26sprite_affine_mats_manager4initEPv
                0x08007f88       0x6c bn_sprite_affine_mats_manager.o
                0x08007f88                bn::sprite_affine_mats_manager::init(void*)
 .text._ZN2bn26sprite_affine_mats_manager14dettach_spriteEiRNS_24intrusive_list_node_typeE
                0x08007ff4       0x50 bn_sprite_affine_mats_manager.o
                0x08007ff4                bn::sprite_affine_mats_manager::dettach_sprite(int, bn::intrusive_list_node_type&)
 .text.startup._GLOBAL__sub_I__ZN2bn18sprite_affine_mats10used_countEv
                0x08008044       0x98 bn_sprite_affine_mats_manager.o
 .text.exit._GLOBAL__sub_D__ZN2bn18sprite_affine_mats10used_countEv
                0x080080dc       0x3c bn_sprite_affine_mats_manager.o
 .text._ZN2bn21sprite_text_generator5_initEv
                0x08008118      0x180 bn_sprite_text_generator.o
                0x08008118                bn::sprite_text_generator::_init()
 .text._ZN2bn21sprite_text_generatorC2ERKNS_11sprite_fontE
                0x08008298       0x2c bn_sprite_text_generator.o
                0x08008298                bn::sprite_text_generator::sprite_text_generator(bn::sprite_font const&)
                0x08008298                bn::sprite_text_generator::sprite_text_generator(bn::sprite_font const&)
 .text._ZN3_bn6assert9show_argsIA54_cEEvPKcS4_S4_iRKT_
                0x080082c4       0x50 bn_sprite_text_generator.o
                0x080082c4                void _bn::assert::show_args<char [54]>(char const*, char const*, char const*, int, char const (&) [54])
 .text._ZN3_bn6assert9show_argsIJA25_ciA4_ctEEEvPKcS5_S5_iDpRKT_
                0x08008314       0x6c bn_sprite_text_generator.o
                0x08008314                void _bn::assert::show_args<char [25], int, char [4], unsigned short>(char const*, char const*, char const*, int, char const (&) [25], int const&, char const (&) [4], unsigned short const&)
 .text._ZN2bn14utf8_characterC2ERKc
                0x08008380      0x140 bn_sprite_text_generator.o
                0x08008380                bn::utf8_character::utf8_character(char const&)
                0x08008380                bn::utf8_character::utf8_character(char const&)
 .text._ZN2bn12_GLOBAL__N_115_graphics_indexEcRKNS_23utf8_characters_map_refEPKcRi.part.0
                0x080084c0       0x8c bn_sprite_text_generator.o
 .text._ZN3_bn6assert9show_argsIJA20_ccA9_cN2bn11string_viewEA2_cEEEvPKcS8_S8_iDpRKT_
                0x0800854c       0x70 bn_sprite_text_generator.o
                0x0800854c                void _bn::assert::show_args<char [20], char, char [9], bn::string_view, char [2]>(char const*, char const*, char const*, int, char const (&) [20], char const&, char const (&) [9], bn::string_view const&, char const (&) [2])
 .text._ZNK2bn21sprite_text_generator5widthERKNS_11string_viewE
                0x080085bc      0x244 bn_sprite_text_generator.o
                0x080085bc                bn::sprite_text_generator::width(bn::string_view const&) const
 .text._ZN3_bn6assert9show_argsIA55_cEEvPKcS4_S4_iRKT_
                0x08008800       0x50 bn_sprite_text_generator.o
                0x08008800                void _bn::assert::show_args<char [55]>(char const*, char const*, char const*, int, char const (&) [55])
 .text._ZN2bn12_GLOBAL__N_120_build_sprite_assertILNS_11sprite_sizeE2EEEPNS_4tileERKNS_21sprite_text_generatorERKNS_18sprite_palette_ptrERKNS_11fixed_pointERNS_7ivectorINS_10sprite_ptrEEE
                0x08008850      0x1b4 bn_sprite_text_generator.o
 .text._ZN2bn12_GLOBAL__N_120_build_sprite_assertILNS_11sprite_sizeE1EEEPNS_4tileERKNS_21sprite_text_generatorERKNS_18sprite_palette_ptrERKNS_11fixed_pointERNS_7ivectorINS_10sprite_ptrEEE
                0x08008a04      0x1b4 bn_sprite_text_generator.o
 .text._ZN2bn12_GLOBAL__N_19_generateILb0EEEbRKNS_21sprite_text_generatorERKNS_11fixed_pointERKNS_11string_viewERKNS_23utf8_characters_map_refEiibRNS_7ivectorINS_10sprite_ptrEEE.isra.0
                0x08008bb8     0x1120 bn_sprite_text_generator.o
 .text._ZNK2bn21sprite_text_generator8generateENS_7fixed_tILi12EEES2_RKNS_11string_viewERNS_7ivectorINS_10sprite_ptrEEE
                0x08009cd8       0x3c bn_sprite_text_generator.o
                0x08009cd8                bn::sprite_text_generator::generate(bn::fixed_t<12>, bn::fixed_t<12>, bn::string_view const&, bn::ivector<bn::sprite_ptr>&) const
 .text._ZNK2bn16sprite_tiles_ptr2idEv
                0x08009d14       0x18 bn_sprite_tiles_manager.o
                0x08009d14                bn::sprite_tiles_ptr::id() const
 .text._ZNK2bn16sprite_tiles_ptr11tiles_countEv
                0x08009d2c       0x18 bn_sprite_tiles_manager.o
                0x08009d2c                bn::sprite_tiles_ptr::tiles_count() const
 .text._ZN2bn20sprite_tiles_manager10log_statusEv
                0x08009d44      0x1ec bn_sprite_tiles_manager.o
                0x08009d44                bn::sprite_tiles_manager::log_status()
 .text._ZN2bn20sprite_tiles_manager19commit_uncompressedEb
                0x08009f30       0xdc bn_sprite_tiles_manager.o
                0x08009f30                bn::sprite_tiles_manager::commit_uncompressed(bool)
 .text._ZN2bn20sprite_tiles_manager17commit_compressedEv
                0x0800a00c       0xe4 bn_sprite_tiles_manager.o
                0x0800a00c                bn::sprite_tiles_manager::commit_compressed()
 .text._ZN3_bn6assert9show_argsIA27_chEEvPKcS4_S4_iRKT_RKT0_
                0x0800a0f0       0x58 bn_sprite_tiles_manager.o
                0x0800a0f0                void _bn::assert::show_args<char [27], unsigned char>(char const*, char const*, char const*, int, char const (&) [27], unsigned char const&)
 .text._ZN3_bn6assert9show_argsIJA44_cPKN2bn4tileEA4_cS6_EEEvPKcS9_S9_iDpRKT_
                0x0800a148       0x6c bn_sprite_tiles_manager.o
                0x0800a148                void _bn::assert::show_args<char [44], bn::tile const*, char [4], bn::tile const*>(char const*, char const*, char const*, int, char const (&) [44], bn::tile const* const&, char const (&) [4], bn::tile const* const&)
 .text._ZN3_bn6assert9show_argsIJA46_ciA4_cjEEEvPKcS5_S5_iDpRKT_
                0x0800a1b4       0x6c bn_sprite_tiles_manager.o
                0x0800a1b4                void _bn::assert::show_args<char [46], int, char [4], unsigned int>(char const*, char const*, char const*, int, char const (&) [46], int const&, char const (&) [4], unsigned int const&)
 .text._ZN3_bn6assert9show_argsIJA28_cA15_cPKN2bn4tileEA16_ciA34_cNS4_11string_viewEEEEvPKcSC_SC_iDpRKT_
                0x0800a220       0x84 bn_sprite_tiles_manager.o
                0x0800a220                void _bn::assert::show_args<char [28], char [15], bn::tile const*, char [16], int, char [34], bn::string_view>(char const*, char const*, char const*, int, char const (&) [28], char const (&) [15], bn::tile const* const&, char const (&) [16], int const&, char const (&) [34], bn::string_view const&)
 .text._ZN3_bn6assert9show_argsIJA44_ciA34_cN2bn11string_viewEEEEvPKcS7_S7_iDpRKT_
                0x0800a2a4       0x68 bn_sprite_tiles_manager.o
                0x0800a2a4                void _bn::assert::show_args<char [44], int, char [34], bn::string_view>(char const*, char const*, char const*, int, char const (&) [44], int const&, char const (&) [34], bn::string_view const&)
 .text._ZN2bn20sprite_tiles_manager4initEv
                0x0800a30c       0xf4 bn_sprite_tiles_manager.o
                0x0800a30c                bn::sprite_tiles_manager::init()
 .text._ZN2bn20sprite_tiles_manager12_GLOBAL__N_122_insert_to_commit_itemEiRNS1_9item_typeE.part.0
                0x0800a400       0x6c bn_sprite_tiles_manager.o
 .text._ZN2bn20sprite_tiles_manager12_GLOBAL__N_117_insert_free_itemEiPt
                0x0800a46c       0xcc bn_sprite_tiles_manager.o
 .text._ZN2bn20sprite_tiles_manager12_GLOBAL__N_116_erase_free_itemEi
                0x0800a538       0xe4 bn_sprite_tiles_manager.o
 .text._ZN2bn20sprite_tiles_manager12_GLOBAL__N_121_erase_to_commit_itemEiRNS1_9item_typeE
                0x0800a61c      0x100 bn_sprite_tiles_manager.o
 .text._ZN2bn20sprite_tiles_manager15decrease_usagesEi
                0x0800a71c      0x134 bn_sprite_tiles_manager.o
                0x0800a71c                bn::sprite_tiles_manager::decrease_usages(int)
 .text._ZN2bn16sprite_tiles_ptrD2Ev
                0x0800a850       0x18 bn_sprite_tiles_manager.o
                0x0800a850                bn::sprite_tiles_ptr::~sprite_tiles_ptr()
                0x0800a850                bn::sprite_tiles_ptr::~sprite_tiles_ptr()
 .text._ZN2bn20sprite_tiles_manager12_GLOBAL__N_110_find_implEPKNS_4tileENS_16compression_typeEi
                0x0800a868      0x28c bn_sprite_tiles_manager.o
 .text._ZN2bn20sprite_tiles_manager4vramEi
                0x0800aaf4       0x4c bn_sprite_tiles_manager.o
                0x0800aaf4                bn::sprite_tiles_manager::vram(int)
 .text._ZN2bn16sprite_tiles_ptr4vramEv
                0x0800ab40       0x14 bn_sprite_tiles_manager.o
                0x0800ab40                bn::sprite_tiles_ptr::vram()
 .text._ZN2bn14iunordered_mapIPKNS_4tileEiNS_4hashIS3_EENS_8equal_toIS3_EEE5eraseERKNS8_14const_iteratorE.isra.0
                0x0800ab54      0x178 bn_sprite_tiles_manager.o
 .text._ZN2bn20sprite_tiles_manager12_GLOBAL__N_112_create_itemEiPKNS_4tileENS_16compression_typeEib
                0x0800accc      0x2ec bn_sprite_tiles_manager.o
 .text._ZN2bn20sprite_tiles_manager12_GLOBAL__N_114_allocate_implEi
                0x0800afb8       0xf8 bn_sprite_tiles_manager.o
 .text._ZN2bn20sprite_tiles_manager8allocateEiNS_8bpp_modeE
                0x0800b0b0       0xc0 bn_sprite_tiles_manager.o
                0x0800b0b0                bn::sprite_tiles_manager::allocate(int, bn::bpp_mode)
 .text._ZN2bn16sprite_tiles_ptr8allocateEiNS_8bpp_modeE
                0x0800b170       0x18 bn_sprite_tiles_manager.o
                0x0800b170                bn::sprite_tiles_ptr::allocate(int, bn::bpp_mode)
 .text._ZN2bn20sprite_tiles_manager6updateEv
                0x0800b188      0x234 bn_sprite_tiles_manager.o
                0x0800b188                bn::sprite_tiles_manager::update()
 .text._ZN2bn20sprite_tiles_manager12_GLOBAL__N_112_create_implEPKNS_4tileENS_16compression_typeEi
                0x0800b3bc      0x200 bn_sprite_tiles_manager.o
 .text._ZN2bn20sprite_tiles_manager6createERKNS_4spanIKNS_4tileEEENS_16compression_typeE
                0x0800b5bc      0x13c bn_sprite_tiles_manager.o
                0x0800b5bc                bn::sprite_tiles_manager::create(bn::span<bn::tile const> const&, bn::compression_type)
 .text._ZN2bn16sprite_tiles_ptr6createERKNS_17sprite_tiles_itemEi
                0x0800b6f8       0xd4 bn_sprite_tiles_manager.o
                0x0800b6f8                bn::sprite_tiles_ptr::create(bn::sprite_tiles_item const&, int)
 .text._ZNK2bn17sprite_tiles_item12create_tilesEv
                0x0800b7cc       0x84 bn_sprite_tiles_manager.o
                0x0800b7cc                bn::sprite_tiles_item::create_tiles() const
 .text._ZNK2bn17sprite_tiles_item12create_tilesEi
                0x0800b850       0xd4 bn_sprite_tiles_manager.o
                0x0800b850                bn::sprite_tiles_item::create_tiles(int) const
 .text.startup._GLOBAL__sub_I__ZN2bn12sprite_tiles16used_tiles_countEv
                0x0800b924      0x11c bn_sprite_tiles_manager.o
 .text._ZN2bn15sprites_manager12_GLOBAL__N_132_always_update_indexes_to_commitERKNS_20sprites_manager_itemE
                0x0800ba40       0x48 bn_sprites_manager.o
 .text._ZN2bn13ostringstream11append_argsIiJA4_ciEEEvRKT_DpRKT0_.isra.0
                0x0800ba88       0x24 bn_sprites_manager.o
 .text._ZN2bn15sprites_manager12_GLOBAL__N_123_update_item_dimensionsERNS_20sprites_manager_itemE
                0x0800baac       0xcc bn_sprites_manager.o
 .text._ZN2bn15sprites_manager4initEv
                0x0800bb78       0x34 bn_sprites_manager.o
                0x0800bb78                bn::sprites_manager::init()
 .text._ZN2bn15sprites_manager5hw_idEPv
                0x0800bbac        0x8 bn_sprites_manager.o
                0x0800bbac                bn::sprites_manager::hw_id(void*)
 .text._ZN2bn15sprites_manager5shapeEPv
                0x0800bbb4        0x8 bn_sprites_manager.o
                0x0800bbb4                bn::sprites_manager::shape(void*)
 .text._ZN2bn15sprites_manager4sizeEPv
                0x0800bbbc        0x8 bn_sprites_manager.o
                0x0800bbbc                bn::sprites_manager::size(void*)
 .text._ZN2bn15sprites_manager10shape_sizeEPv
                0x0800bbc4       0x14 bn_sprites_manager.o
                0x0800bbc4                bn::sprites_manager::shape_size(void*)
 .text._ZN2bn15sprites_manager11hw_positionEPv
                0x0800bbd8        0x4 bn_sprites_manager.o
                0x0800bbd8                bn::sprites_manager::hw_position(void*)
 .text._ZN2bn15sprites_manager9view_modeEPv
                0x0800bbdc        0xc bn_sprites_manager.o
                0x0800bbdc                bn::sprites_manager::view_mode(void*)
 .text._ZN2bn15sprites_manager10affine_matEPv
                0x0800bbe8        0x4 bn_sprites_manager.o
                0x0800bbe8                bn::sprites_manager::affine_mat(void*)
 .text._ZN2bn15sprites_manager39fill_hblank_effect_horizontal_positionsEPviPKNS_7fixed_tILi12EEEPt
                0x0800bbec       0x44 bn_sprites_manager.o
                0x0800bbec                bn::sprites_manager::fill_hblank_effect_horizontal_positions(void*, int, bn::fixed_t<12> const*, unsigned short*)
 .text._ZN2bn15sprites_manager37fill_hblank_effect_vertical_positionsEPviPKNS_7fixed_tILi12EEEPt
                0x0800bc30       0x44 bn_sprites_manager.o
                0x0800bc30                bn::sprites_manager::fill_hblank_effect_vertical_positions(void*, int, bn::fixed_t<12> const*, unsigned short*)
 .text._ZN2bn15sprites_manager35fill_hblank_effect_first_attributesEiNS_12sprite_shapeENS_8bpp_modeEiPKNS_23sprite_first_attributesEPt
                0x0800bc74      0x108 bn_sprites_manager.o
                0x0800bc74                bn::sprites_manager::fill_hblank_effect_first_attributes(int, bn::sprite_shape, bn::bpp_mode, int, bn::sprite_first_attributes const*, unsigned short*)
 .text._ZN2bn15sprites_manager44fill_hblank_effect_regular_second_attributesEPviNS_11sprite_sizeEPKNS_32sprite_regular_second_attributesEPt
                0x0800bd7c       0x60 bn_sprites_manager.o
                0x0800bd7c                bn::sprites_manager::fill_hblank_effect_regular_second_attributes(void*, int, bn::sprite_size, bn::sprite_regular_second_attributes const*, unsigned short*)
 .text._ZN2bn15sprites_manager43fill_hblank_effect_affine_second_attributesEPviNS_11sprite_sizeEPKNS_31sprite_affine_second_attributesEPt
                0x0800bddc       0x58 bn_sprites_manager.o
                0x0800bddc                bn::sprites_manager::fill_hblank_effect_affine_second_attributes(void*, int, bn::sprite_size, bn::sprite_affine_second_attributes const*, unsigned short*)
 .text._ZN2bn15sprites_manager14update_camerasEv
                0x0800be34       0x20 bn_sprites_manager.o
                0x0800be34                bn::sprites_manager::update_cameras()
 .text._ZN2bn15sprites_manager6commitEb
                0x0800be54       0xa4 bn_sprites_manager.o
                0x0800be54                bn::sprites_manager::commit(bool)
 .text._ZNK2bn17sprite_shape_size11tiles_countENS_8bpp_modeE.isra.0
                0x0800bef8      0x150 bn_sprites_manager.o
 .text._ZN2bn15sprites_manager12_GLOBAL__N_118_remove_affine_matERNS_20sprites_manager_itemE
                0x0800c048       0xe8 bn_sprites_manager.o
 .text._ZN2bn15sprites_manager40remove_identity_affine_mat_if_not_neededEPv
                0x0800c130       0x18 bn_sprites_manager.o
                0x0800c130                bn::sprites_manager::remove_identity_affine_mat_if_not_needed(void*)
 .text._ZN2bn14sprite_builder15release_paletteEv
                0x0800c148       0x78 bn_sprites_manager.o
                0x0800c148                bn::sprite_builder::release_palette()
 .text._ZN2bn14sprite_builder13release_tilesEv
                0x0800c1c0       0x78 bn_sprites_manager.o
                0x0800c1c0                bn::sprite_builder::release_tiles()
 .text._ZN2bn15sprites_manager7paletteEPv
                0x0800c238       0x34 bn_sprites_manager.o
                0x0800c238                bn::sprites_manager::palette(void*)
 .text._ZN2bn20sprites_manager_item13_builder_initERKNS_14sprite_builderE
                0x0800c26c      0x36c bn_sprites_manager.o
                0x0800c26c                bn::sprites_manager_item::_builder_init(bn::sprite_builder const&)
 .text._ZN2bn14sprite_builder11set_z_orderEi
                0x0800c5d8       0x48 bn_sprites_manager.o
                0x0800c5d8                bn::sprite_builder::set_z_order(int)
 .text._ZN2bn14sprite_builderC2ERKNS_17sprite_shape_sizeENS_16sprite_tiles_ptrENS_18sprite_palette_ptrE
                0x0800c620      0x128 bn_sprites_manager.o
                0x0800c620                bn::sprite_builder::sprite_builder(bn::sprite_shape_size const&, bn::sprite_tiles_ptr, bn::sprite_palette_ptr)
                0x0800c620                bn::sprite_builder::sprite_builder(bn::sprite_shape_size const&, bn::sprite_tiles_ptr, bn::sprite_palette_ptr)
 .text._ZN2bn15sprites_manager9set_tilesEPvONS_16sprite_tiles_ptrE
                0x0800c748      0x138 bn_sprites_manager.o
                0x0800c748                bn::sprites_manager::set_tiles(void*, bn::sprite_tiles_ptr&&)
 .text._ZN2bn10sprite_ptr9set_tilesEONS_16sprite_tiles_ptrE
                0x0800c880       0x10 bn_sprites_manager.o
                0x0800c880                bn::sprite_ptr::set_tiles(bn::sprite_tiles_ptr&&)
 .text._ZN2bn14sprite_builder15set_bg_priorityEi
                0x0800c890       0x38 bn_sprites_manager.o
                0x0800c890                bn::sprite_builder::set_bg_priority(int)
 .text._ZN2bn15sprites_manager6updateEv
                0x0800c8c8      0x160 bn_sprites_manager.o
                0x0800c8c8                bn::sprites_manager::update()
 .text._ZN3_bn6assert9show_argsIJA27_ciA4_ciEEEvPKcS5_S5_iDpRKT_
                0x0800ca28       0x5c bn_sprites_manager.o
                0x0800ca28                void _bn::assert::show_args<char [27], int, char [4], int>(char const*, char const*, char const*, int, char const (&) [27], int const&, char const (&) [4], int const&)
 .text._ZN2bn15sprites_manager35fill_hblank_effect_third_attributesENS_17sprite_shape_sizeEPKNS_23sprite_third_attributesEPt
                0x0800ca84       0xc8 bn_sprites_manager.o
                0x0800ca84                bn::sprites_manager::fill_hblank_effect_third_attributes(bn::sprite_shape_size, bn::sprite_third_attributes const*, unsigned short*)
 .text._ZN2bn14sorted_sprites6sorter6insertERNS_20sprites_manager_itemE
                0x0800cb4c      0x170 bn_sprites_manager.o
                0x0800cb4c                bn::sorted_sprites::sorter::insert(bn::sprites_manager_item&)
 .text._ZN2bn15sprites_manager6createEONS_14sprite_builderE
                0x0800ccbc      0x180 bn_sprites_manager.o
                0x0800ccbc                bn::sprites_manager::create(bn::sprite_builder&&)
 .text._ZN2bn10sprite_ptr6createEONS_14sprite_builderE
                0x0800ce3c       0x14 bn_sprites_manager.o
                0x0800ce3c                bn::sprite_ptr::create(bn::sprite_builder&&)
 .text._ZN2bn15sprites_manager6createERKNS_11fixed_pointERKNS_17sprite_shape_sizeEONS_16sprite_tiles_ptrEONS_18sprite_palette_ptrE
                0x0800ce50      0x1dc bn_sprites_manager.o
                0x0800ce50                bn::sprites_manager::create(bn::fixed_point const&, bn::sprite_shape_size const&, bn::sprite_tiles_ptr&&, bn::sprite_palette_ptr&&)
 .text._ZNK2bn11sprite_item13create_spriteENS_7fixed_tILi12EEES2_
                0x0800d02c       0x44 bn_sprites_manager.o
                0x0800d02c                bn::sprite_item::create_sprite(bn::fixed_t<12>, bn::fixed_t<12>) const
 .text._ZN2bn15sprites_manager15decrease_usagesEPv
                0x0800d070      0x180 bn_sprites_manager.o
                0x0800d070                bn::sprites_manager::decrease_usages(void*)
 .text._ZN2bn10sprite_ptrD2Ev
                0x0800d1f0       0x18 bn_sprites_manager.o
                0x0800d1f0                bn::sprite_ptr::~sprite_ptr()
                0x0800d1f0                bn::sprite_ptr::~sprite_ptr()
 .text.startup._GLOBAL__sub_I__ZN2bn7sprites16used_items_countEv
                0x0800d208       0x9c bn_sprites_manager.o
 .text.exit._GLOBAL__sub_D__ZN2bn7sprites16used_items_countEv
                0x0800d2a4       0x4c bn_sprites_manager.o
 .text._ZN2bn13ostringstreamC2ERNS_12istring_baseE
                0x0800d2f0        0x8 bn_sstream.o
                0x0800d2f0                bn::ostringstream::ostringstream(bn::istring_base&)
                0x0800d2f0                bn::ostringstream::ostringstream(bn::istring_base&)
 .text._ZN2bn13ostringstream6appendEPKc
                0x0800d2f8       0x94 bn_sstream.o
                0x0800d2f8                bn::ostringstream::append(char const*)
 .text._ZN2bn13ostringstream6appendEi
                0x0800d38c       0xa8 bn_sstream.o
                0x0800d38c                bn::ostringstream::append(int)
 .text._ZN2bn13ostringstream6appendERKNS_11string_viewE
                0x0800d434       0x9c bn_sstream.o
                0x0800d434                bn::ostringstream::append(bn::string_view const&)
 .text._ZN2bn13ostringstream6appendEj
                0x0800d4d0       0xa8 bn_sstream.o
                0x0800d4d0                bn::ostringstream::append(unsigned int)
 .text._ZN2bn13ostringstream6appendEPKv
                0x0800d578       0xfc bn_sstream.o
                0x0800d578                bn::ostringstream::append(void const*)
 .text._ZN2bn13ostringstream6appendEc
                0x0800d674       0x44 bn_sstream.o
                0x0800d674                bn::ostringstream::append(char)
 .text._ZN2bn5timerC2Ev
                0x0800d6b8       0x24 bn_timer.o
                0x0800d6b8                bn::timer::timer()
                0x0800d6b8                bn::timer::timer()
 .text._ZNK2bn5timer13elapsed_ticksEv
                0x0800d6dc       0x3c bn_timer.o
                0x0800d6dc                bn::timer::elapsed_ticks() const
 .text._ZN2bn5timer7restartEv
                0x0800d718       0x24 bn_timer.o
                0x0800d718                bn::timer::restart()
 .text._ZN2bn2hw5audio12_GLOBAL__N_124_disabled_vblank_handlerEv
                0x0800d73c       0x10 bn_hw_audio.o
 .text._ZN2bn2hw5audio12_GLOBAL__N_17_commitEv
                0x0800d74c       0x7c bn_hw_audio.o
 .text._ZN2bn2hw5audio12_GLOBAL__N_123_enabled_vblank_handlerEv
                0x0800d7c8       0x24 bn_hw_audio.o
 .text._ZN2bn2hw5audio4initEv
                0x0800d7ec       0x68 bn_hw_audio.o
                0x0800d7ec                bn::hw::audio::init()
 .text._ZN2bn2hw5audio7disableEv
                0x0800d854       0x30 bn_hw_audio.o
                0x0800d854                bn::hw::audio::disable()
 .text._ZN2bn2hw5audio22disable_vblank_handlerEv
                0x0800d884       0x14 bn_hw_audio.o
                0x0800d884                bn::hw::audio::disable_vblank_handler()
 .text._ZN2bn2hw5audio6updateEb
                0x0800d898       0x18 bn_hw_audio.o
                0x0800d898                bn::hw::audio::update(bool)
 .text._ZN2bn2hw5audio6commitEv
                0x0800d8b0       0x20 bn_hw_audio.o
                0x0800d8b0                bn::hw::audio::commit()
 .text._ZN2bn2hw5audio12_GLOBAL__N_119_add_sound_to_queueEit
                0x0800d8d0       0xa0 bn_hw_audio.o
 .text._ZN2bn2hw5audio15stop_all_soundsEv
                0x0800d970       0x6c bn_hw_audio.o
                0x0800d970                bn::hw::audio::stop_all_sounds()
 .text._ZN2bn2hw5audio12_GLOBAL__N_119_check_sounds_queueEv.part.0
                0x0800d9dc       0x98 bn_hw_audio.o
 .text._ZN2bn2hw5audio10play_soundEiiiii
                0x0800da74       0x44 bn_hw_audio.o
                0x0800da74                bn::hw::audio::play_sound(int, int, int, int, int)
 .text._ZN2bn2hw5audio10play_soundEii
                0x0800dab8       0x30 bn_hw_audio.o
                0x0800dab8                bn::hw::audio::play_sound(int, int)
 .text._ZN2bn2hw5audio19update_sounds_queueEv
                0x0800dae8       0x90 bn_hw_audio.o
                0x0800dae8                bn::hw::audio::update_sounds_queue()
 .text.startup._GLOBAL__sub_I__ZN2bn2hw5audio4initEv
                0x0800db78       0x30 bn_hw_audio.o
 .text.exit._GLOBAL__sub_D__ZN2bn2hw5audio4initEv
                0x0800dba8       0x74 bn_hw_audio.o
 .text._ZN3_bn6assert9show_argsIA40_cEEvPKcS4_S4_iRKT_
                0x0800dc1c       0x50 bn_hw_common.bn_noflto.o
                0x0800dc1c                void _bn::assert::show_args<char [40]>(char const*, char const*, char const*, int, char const (&) [40])
 .text.__aeabi_idiv0
                0x0800dc6c       0x24 bn_hw_common.bn_noflto.o
                0x0800dc6c                __aeabi_idiv0
 .text._ZN2bn2hw8game_pak14_slow_game_pakEv
                0x0800dc90       0x88 bn_hw_game_pak.bn_ewram.o
                0x0800dc90                bn::hw::game_pak::_slow_game_pak()
 .text._ZN2bn2hw8game_pak4initEv
                0x0800dd18       0x28 bn_hw_game_pak.o
                0x0800dd18                bn::hw::game_pak::init()
 .text._ZN2bn2hw3irq4initEv
                0x0800dd40        0xc bn_hw_irq.o
                0x0800dd40                bn::hw::irq::init()
 .text._ZN2bn2hw3irq7set_isrENS1_2idEPFvvE
                0x0800dd4c       0x10 bn_hw_irq.o
                0x0800dd4c                bn::hw::irq::set_isr(bn::hw::irq::id, void (*)())
 .text._ZN2bn2hw3irq6enableENS1_2idE
                0x0800dd5c       0x10 bn_hw_irq.o
                0x0800dd5c                bn::hw::irq::enable(bn::hw::irq::id)
 .text._ZN2bn2hw3irq7disableENS1_2idE
                0x0800dd6c       0x10 bn_hw_irq.o
                0x0800dd6c                bn::hw::irq::disable(bn::hw::irq::id)
 .text._ZN2bn2hw4link12_GLOBAL__N_119_resetStateCallbackEv
                0x0800dd7c       0x4c bn_hw_link.o
 .text._ZN2bn2hw4link4initEv
                0x0800ddc8       0xc0 bn_hw_link.o
                0x0800ddc8                bn::hw::link::init()
 .text._ZN2bn2hw4link6activeEv
                0x0800de88       0x10 bn_hw_link.o
                0x0800de88                bn::hw::link::active()
 .text._ZN2bn2hw4link7disableEv
                0x0800de98       0x6c bn_hw_link.o
                0x0800de98                bn::hw::link::disable()
 .text._ZN2bn2hw4link6commitEv
                0x0800df04       0x30 bn_hw_link.o
                0x0800df04                bn::hw::link::commit()
 .text._ZN2bn2hw4link11_timer_intrEv
                0x0800df34       0xf8 bn_hw_link.o
                0x0800df34                bn::hw::link::_timer_intr()
 .text._ZN2bn2hw4link12_serial_intrEv
                0x0800e02c      0x1bc bn_hw_link.o
                0x0800e02c                bn::hw::link::_serial_intr()
 .text._ZN2bn2hw4link12_GLOBAL__N_117_sendDataCallbackEv
                0x0800e1e8       0xe4 bn_hw_link.o
 .text._ZN2bn2hw4link12_GLOBAL__N_124_receiveResponseCallbackERK12LinkResponse
                0x0800e2cc      0x15c bn_hw_link.o
 .text.startup._GLOBAL__sub_I__ZN2bn2hw4link4initEv
                0x0800e428       0x68 bn_hw_link.o
 .text._ZN2bn2hw3logERKNS_12istring_baseE
                0x0800e490       0x58 bn_hw_log.o
                0x0800e490                bn::hw::log(bn::istring_base const&)
 .text._ZN2bn2hw6memory4initEv
                0x0800e4e8        0x4 bn_hw_memory.o
                0x0800e4e8                bn::hw::memory::init()
 .text._ZN2bn2hw6memory16ewram_heap_startEv
                0x0800e4ec        0x8 bn_hw_memory.o
                0x0800e4ec                bn::hw::memory::ewram_heap_start()
 .text._ZN2bn2hw6memory14ewram_heap_endEv
                0x0800e4f4        0x8 bn_hw_memory.o
                0x0800e4f4                bn::hw::memory::ewram_heap_end()
 .text._ZN2bn2hw8palettes8contrastEPKNS_5colorEiiPS2_
                0x0800e4fc       0x18 bn_hw_palettes.o
                0x0800e4fc                bn::hw::palettes::contrast(bn::color const*, int, int, bn::color*)
 .text._ZN2bn2hw8palettes9intensityEPKNS_5colorEiiPS2_
                0x0800e514       0x18 bn_hw_palettes.o
                0x0800e514                bn::hw::palettes::intensity(bn::color const*, int, int, bn::color*)
 .text._ZN2bn2hw8palettes9hue_shiftEPKNS_5colorEiiPS2_
                0x0800e52c      0x154 bn_hw_palettes.o
                0x0800e52c                bn::hw::palettes::hue_shift(bn::color const*, int, int, bn::color*)
 .text._ZN2bn2hw8palettes6rotateEPKNS_5colorEiiPS2_
                0x0800e680       0x2c bn_hw_palettes.o
                0x0800e680                bn::hw::palettes::rotate(bn::color const*, int, int, bn::color*)
 .text._ZN2bn2hw4show5errorERKNS_11system_fontERKNS_11string_viewES7_S7_iS7_S7_
                0x0800e6ac      0x3bc bn_hw_show.o
                0x0800e6ac                bn::hw::show::error(bn::system_font const&, bn::string_view const&, bn::string_view const&, bn::string_view const&, int, bn::string_view const&, bn::string_view const&)
 .text._ZN2bn2hw12sprite_tiles10plot_tilesEiPKNS_4tileEiiPS2_
                0x0800ea68       0x40 bn_hw_sprite_tiles.o
                0x0800ea68                bn::hw::sprite_tiles::plot_tiles(int, bn::tile const*, int, int, bn::tile*)
 .text._ZN2bn2hw4sram4initEv
                0x0800eaa8       0x18 bn_hw_sram.o
                0x0800eaa8                bn::hw::sram::init()
 .text._ZN2bn11system_fontC2Ev
                0x0800eac0       0x18 bn_hw_system_font.o
                0x0800eac0                bn::system_font::system_font()
                0x0800eac0                bn::system_font::system_font()
 .text._ZNK2bn11system_font8tte_fontEv
                0x0800ead8        0x4 bn_hw_system_font.o
                0x0800ead8                bn::system_font::tte_font() const
 .text._ZN2bn2hw4text5parseEiRNS_5arrayIcLi32EEE
                0x0800eadc       0xbc bn_hw_text.o
                0x0800eadc                bn::hw::text::parse(int, bn::array<char, 32>&)
 .text._ZN2bn2hw4text5parseEjRNS_5arrayIcLi32EEE
                0x0800eb98       0xa0 bn_hw_text.o
                0x0800eb98                bn::hw::text::parse(unsigned int, bn::array<char, 32>&)
 .text._ZN2bn2hw4text5parseEPKvRNS_5arrayIcLi32EEE
                0x0800ec38       0x30 bn_hw_text.o
                0x0800ec38                bn::hw::text::parse(void const*, bn::array<char, 32>&)
 .text.clr_grayscale
                0x0800ec68       0x7c tonc_color.o
                0x0800ec68                clr_grayscale
 .text.sbmp16_rect
                0x0800ece4       0x68 tonc_sbmp16.o
                0x0800ece4                sbmp16_rect
 .text.bmp16_drawg_b1cts
                0x0800ed4c       0xb0 bmp16_drawg_b1cs.o
                0x0800ed4c                bmp16_drawg_b1cts
 .text.bmp16_erase
                0x0800edfc       0x24 tte_init_bmp.o
                0x0800edfc                bmp16_erase
 .text.tte_init_bmp
                0x0800ee20       0x60 tte_init_bmp.o
                0x0800ee20                tte_init_bmp
 .text.dummy_drawg
                0x0800ee80        0x4 tte_main.o
                0x0800ee80                dummy_drawg
 .text.dummy_erase
                0x0800ee84        0x4 tte_main.o
                0x0800ee84                dummy_erase
 .text.tte_init_base
                0x0800ee88       0x68 tte_main.o
                0x0800ee88                tte_init_base
 .text.utf8_decode_char
                0x0800eef0       0xb4 tte_main.o
                0x0800eef0                utf8_decode_char
 .text.tte_write
                0x0800efa4       0xe8 tte_main.o
                0x0800efa4                tte_write
 .text.tte_get_text_size
                0x0800f08c       0xa4 tte_main.o
                0x0800f08c                tte_get_text_size
 .text.tte_set_margins
                0x0800f130       0x18 tte_main.o
                0x0800f130                tte_set_margins
 .text.IRQ_Init
                0x0800f148       0x48 interrupts_gba.o
                0x0800f148                IRQ_Init
 .text.IRQ_SetHandler
                0x0800f190       0x10 interrupts_gba.o
                0x0800f190                IRQ_SetHandler
 .text.IRQ_Enable
                0x0800f1a0       0x64 interrupts_gba.o
                0x0800f1a0                IRQ_Enable
 .text.IRQ_Disable
                0x0800f204       0x60 interrupts_gba.o
                0x0800f204                IRQ_Disable
 .text.channel3_refresh_registers
                0x0800f264       0xd0 gbt_player.o
 .text.gbt_refresh_pattern_ptr
                0x0800f334       0x84 gbt_player.o
 .text.gbt_ch1234_nop
                0x0800f3b8        0x4 gbt_player.o
 .text.gbt_ch1234_speed
                0x0800f3bc       0x10 gbt_player.o
 .text.gbt_ch1234_jump_pattern
                0x0800f3cc       0x14 gbt_player.o
 .text.gbt_ch1234_jump_position
                0x0800f3e0       0x1c gbt_player.o
 .text.gbt_ch1234_event
                0x0800f3fc       0x24 gbt_player.o
 .text.gbt_ch1_pan
                0x0800f420       0x10 gbt_player.o
 .text.gbt_ch1_cut_note
                0x0800f430       0x10 gbt_player.o
 .text.gbt_ch1_arpeggio
                0x0800f440       0x34 gbt_player.o
 .text.gbt_ch1_vibrato
                0x0800f474       0x20 gbt_player.o
 .text.gbt_ch1_volslide
                0x0800f494       0x10 gbt_player.o
 .text.gbt_ch2_pan
                0x0800f4a4       0x10 gbt_player.o
 .text.gbt_ch2_cut_note
                0x0800f4b4       0x10 gbt_player.o
 .text.gbt_ch2_arpeggio
                0x0800f4c4       0x34 gbt_player.o
 .text.gbt_ch2_vibrato
                0x0800f4f8       0x20 gbt_player.o
 .text.gbt_ch2_volslide
                0x0800f518       0x10 gbt_player.o
 .text.gbt_ch3_pan
                0x0800f528       0x10 gbt_player.o
 .text.gbt_ch3_cut_note
                0x0800f538       0x10 gbt_player.o
 .text.gbt_ch3_arpeggio
                0x0800f548       0x34 gbt_player.o
 .text.gbt_ch3_vibrato
                0x0800f57c       0x20 gbt_player.o
 .text.gbt_ch4_pan
                0x0800f59c       0x14 gbt_player.o
 .text.gbt_ch4_cut_note
                0x0800f5b0       0x10 gbt_player.o
 .text.gbt_ch4_volslide
                0x0800f5c0       0x10 gbt_player.o
 .text.gbt_update_refresh_panning
                0x0800f5d0       0x50 gbt_player.o
 .text.gbt_run_startup_commands.part.0
                0x0800f620       0xd0 gbt_player.o
 .text.gbt_update_effects_internal
                0x0800f6f0      0x2cc gbt_player.o
 .text.gbt_play
                0x0800f9bc      0x1dc gbt_player.o
                0x0800f9bc                gbt_play
 .text.gbt_volume
                0x0800fb98       0x68 gbt_player.o
                0x0800fb98                gbt_volume
 .text.gbt_is_playing
                0x0800fc00        0xc gbt_player.o
                0x0800fc00                gbt_is_playing
 .text.gbt_pause
                0x0800fc0c       0x48 gbt_player.o
                0x0800fc0c                gbt_pause
 .text.gbt_loop
                0x0800fc54        0xc gbt_player.o
                0x0800fc54                gbt_loop
 .text.gbt_stop
                0x0800fc60       0x24 gbt_player.o
                0x0800fc60                gbt_stop
 .text.gbt_update
                0x0800fc84      0x678 gbt_player.o
                0x0800fc84                gbt_update
 .text.gbt_get_position
                0x080102fc       0x4c gbt_player.o
                0x080102fc                gbt_get_position
 .text.gbt_set_position
                0x08010348       0xe0 gbt_player.o
                0x08010348                gbt_set_position
 .text          0x08010428       0x8c tonc_bios.o
                0x08010428                SoftReset
                0x0801042c                RegisterRamReset
                0x08010430                Halt
                0x08010434                Stop
                0x08010438                IntrWait
                0x0801043c                VBlankIntrWait
                0x08010440                Div
                0x08010444                DivArm
                0x08010448                Sqrt
                0x0801044c                ArcTan
                0x08010450                ArcTan2
                0x08010454                CpuSet
                0x08010458                CpuFastSet
                0x0801045c                BiosCheckSum
                0x08010460                BgAffineSet
                0x08010464                ObjAffineSet
                0x08010468                BitUnPack
                0x0801046c                LZ77UnCompWram
                0x08010470                LZ77UnCompVram
                0x08010474                HuffUnComp
                0x08010478                RLUnCompWram
                0x0801047c                RLUnCompVram
                0x08010480                Diff8bitUnFilterWram
                0x08010484                Diff8bitUnFilterVram
                0x08010488                Diff16bitUnFilter
                0x0801048c                SoundBias
                0x08010490                SoundDriverInit
                0x08010494                SoundDriverMode
                0x08010498                SoundDriverMain
                0x0801049c                SoundDriverVSync
                0x080104a0                SoundChannelClear
                0x080104a4                MidiKey2Freq
                0x080104a8                MultiBoot
                0x080104ac                SoundDriverVSyncOff
                0x080104b0                SoundDriverVSyncOn
 .text          0x080104b4       0x3c tonc_memset.o
                0x080104b4                memset16
 .text          0x080104f0      0x26c posprintf.o
                0x080104f4                posprintf
 .text          0x0801075c     0x1570 /opt/devkitpro/libgba/lib/libmm.a(mm_mas.o)
                0x080107d0                mmStart
                0x080107f0                mmJingle
                0x080107f6                mmPlayModule
                0x080108c0                mmPause
                0x080108dc                mmResume
                0x080108ec                mmActive
                0x080108f2                mmActiveSub
                0x080108f8                mmSetModuleVolume
                0x08010908                mmSetJingleVolume
                0x08010944                mmGetPositionTick
                0x0801094a                mmGetPositionRow
                0x08010950                mmGetPosition
                0x08010956                mmPosition
                0x08010970                mmSetModuleTempo
                0x080109a2                mmSetModulePitch
                0x080109e4                mmStop
                0x08010aaa                mppUpdateSub
                0x08010c06                mpp_Process_VolumeCommand
                0x08010e3e                mpp_Process_Effect
                0x0801158c                ST3_FREQTABLE
                0x080119ac                IT_PitchTable
 .text          0x08011ccc       0x14 /opt/devkitpro/libgba/lib/libmm.a(mm_main.o)
                0x08011ccc                mpp_call_r7
                0x08011cce                mpp_call_r1
                0x08011cd0                mpp_call_r2
                0x08011cd2                mpp_call_r3
                0x08011cd4                mmSetEventHandler
 .text          0x08011ce0      0x314 /opt/devkitpro/libgba/lib/libmm.a(mm_effect.o)
                0x08011ce0                mmResetEffects
                0x08011d0c                mmEffect
                0x08011d22                mmEffectEx
                0x08011e22                mmEffectActive
                0x08011e56                mmEffectVolume
                0x08011e72                mmEffectPanning
                0x08011e86                mmEffectRate
                0x08011e9a                mmEffectCancel
                0x08011ed4                mmEffectRelease
                0x08011efa                mmEffectScaleRate
                0x08011f0e                mmSetEffectsVolume
                0x08011f1c                mmEffectCancelAll
                0x08011f5c                mmUpdateEffects
 .text          0x08011ff4      0x1e0 /opt/devkitpro/libgba/lib/libmm.a(mm_mixer_gba.o)
                0x08011ff4                mmMixerSetSource
                0x08012008                mmMixerSetRead
                0x08012016                mmMixerSetFreq
                0x08012026                mmMixerMulFreq
                0x0801203a                mmMixerStopChannel
                0x0801204c                mmMixerChannelActive
                0x0801205e                mmMixerSetVolume
                0x0801206c                mmMixerSetPan
                0x0801207a                mmMixerInit
 .text          0x080121d4      0x12c /opt/devkitpro/libgba/lib/libmm.a(mm_main_gba.o)
                0x080121d4                mmInit
                0x08012228                mmSetVBlankHandler
                0x0801222e                mmFrame
 .text          0x08012300       0x3c /opt/devkitpro/devkitARM/bin/../lib/gcc/arm-none-eabi/13.1.0/thumb/libgcc.a(_call_via_rX.o)
                0x08012300                _call_via_r0
                0x08012304                _call_via_r1
                0x08012308                _call_via_r2
                0x0801230c                _call_via_r3
                0x08012310                _call_via_r4
                0x08012314                _call_via_r5
                0x08012318                _call_via_r6
                0x0801231c                _call_via_r7
                0x08012320                _call_via_r8
                0x08012324                _call_via_r9
                0x08012328                _call_via_sl
                0x0801232c                _call_via_fp
                0x08012330                _call_via_ip
                0x08012334                _call_via_sp
                0x08012338                _call_via_lr
 .text.__libc_init_array
                0x0801233c       0x54 /opt/devkitpro/devkitARM/bin/../lib/gcc/arm-none-eabi/13.1.0/../../../../arm-none-eabi/lib/thumb/libg.a(libc_a-init.o)
                0x0801233c                __libc_init_array
 .text.__libc_init_array.__stub
                0x08012390      0x104 linker stubs
 *(.gnu.linkonce.t.*)
 *(.text.*personality*)
 *(.gnu.warning)
 *(.glue_7t)
 .glue_7t       0x080124c0        0x0 linker stubs
 *(.glue_7)
 .glue_7        0x080124c0        0x0 linker stubs
 *(.vfp11_veneer)
 .vfp11_veneer  0x080124c0        0x0 linker stubs
                0x080124c0                        . = ALIGN (0x4)
                0x080124c0                        __text_end = .

.v4_bx          0x080124c0        0x0
 .v4_bx         0x080124c0        0x0 linker stubs

.iplt           0x080124c0        0x0
 .iplt          0x080124c0        0x0 /opt/devkitpro/devkitARM/bin/../lib/gcc/arm-none-eabi/13.1.0/../../../../arm-none-eabi/lib/thumb/gba_crt0.o

.fini           0x080124c0        0xc
 *(.fini)
 .fini          0x080124c0        0x4 /opt/devkitpro/devkitARM/bin/../lib/gcc/arm-none-eabi/13.1.0/thumb/crti.o
                0x080124c0                _fini
 .fini          0x080124c4        0x8 /opt/devkitpro/devkitARM/bin/../lib/gcc/arm-none-eabi/13.1.0/thumb/crtn.o
                0x080124cc                        . = ALIGN (0x4)

.rodata         0x080124cc     0x79e0
 *(.rodata)
 .rodata        0x080124cc      0x640 dices_bn_gfx.o
                0x080124cc                dices_bn_gfxTiles
                0x08012acc                dices_bn_gfxPal
 .rodata        0x08012b0c     0x3720 common_variable_16x16_font_bn_gfx.o
                0x08012b0c                common_variable_16x16_font_bn_gfxTiles
                0x0801620c                common_variable_16x16_font_bn_gfxPal
 .rodata        0x0801622c        0x6 bn_sprite_text_generator.o
 *fill*         0x08016232        0x2 ff
 .rodata        0x08016234       0x10 bn_sprite_tiles_manager.o
 .rodata        0x08016244       0x90 gbt_player.o
 .rodata        0x080162d4      0xef8 verdana9.o
                0x080162d4                verdana9Font
                0x080162ec                verdana9Glyphs
                0x080170ec                verdana9Widths
 *all.rodata*(*)
 *(.roda)
 *(.rodata.*)
 .rodata._bn_audio_soundbank_bin
                0x080171cc        0xc _bn_audio_soundbank.bin.o
                0x080171cc                _bn_audio_soundbank_bin
                0x080171d8                _bn_audio_soundbank_bin_end
 .rodata._ZN4game12title_screenEv.str1.4
                0x080171d8        0x5 title_screen.o
 *fill*         0x080171dd        0x3 ff
 .rodata._ZN2bn12sprite_items5dicesE
                0x080171e0       0x1c title_screen.o
                0x080171e0                bn::sprite_items::dices
 .rodata._ZN6commonL26variable_16x16_sprite_fontE
                0x080171fc       0x34 title_screen.o
 .rodata._ZN6commonL46variable_16x16_sprite_font_utf8_characters_mapE
                0x08017230      0x100 title_screen.o
 .rodata._ZN6commonL43variable_16x16_sprite_font_character_widthsE
                0x08017330       0x6f title_screen.o
 *fill*         0x0801739f        0x1 ff
 .rodata._ZN2bn13audio_manager16execute_commandsEv.str1.4
                0x080173a0       0x8a bn_audio_manager.o
 *fill*         0x0801742a        0x2 ff
 .rodata._ZN2bn13audio_manager16execute_commandsEv
                0x0801742c       0x48 bn_audio_manager.o
 .rodata._ZN2bn13audio_manager10play_musicENS_10music_itemENS_7fixed_tILi12EEEb.str1.4
                0x08017474       0x45 bn_audio_manager.o
                                 0x49 (size before relaxing)
 *fill*         0x080174b9        0x3 ff
 .rodata._ZN2bn13audio_manager15stop_all_soundsEv.str1.4
                0x080174bc       0x10 bn_audio_manager.o
 .rodata._ZN2bn13audio_manager10stop_musicEv.str1.4
                0x080174cc       0x25 bn_audio_manager.o
 *fill*         0x080174f1        0x3 ff
 .rodata._ZN2bn18best_fit_allocatorD2Ev.str1.4
                0x080174f4       0x47 bn_best_fit_allocator.o
                                 0x4b (size before relaxing)
 *fill*         0x0801753b        0x1 ff
 .rodata._ZN2bn18best_fit_allocator5allocEi.str1.4
                0x0801753c       0x24 bn_best_fit_allocator.o
 .rodata._ZN2bn18best_fit_allocator5resetEPvi.str1.4
                0x08017560       0x81 bn_best_fit_allocator.o
 *fill*         0x080175e1        0x3 ff
 .rodata._ZNK2bn19regular_bg_map_item10decompressERtRKNS_4sizeE.str1.4
                0x080175e4      0x147 bn_bg_blocks_manager.o
                                0x14b (size before relaxing)
 *fill*         0x0801772b        0x1 ff
 .rodata._ZN2bn17bg_blocks_manager16affine_map_tilesEi.str1.4
                0x0801772c       0x32 bn_bg_blocks_manager.o
 *fill*         0x0801775e        0x2 ff
 .rodata._ZN2bn17bg_blocks_manager14palette_offsetEi.str1.4
                0x08017760        0xb bn_bg_blocks_manager.o
 *fill*         0x0801776b        0x1 ff
 .rodata._ZN2bn14iunordered_mapIPKviNS_17bg_blocks_manager12_GLOBAL__N_115identity_hasherENS_8equal_toIS2_EEE5eraseERKNS8_14const_iteratorE.constprop.0.isra.0.str1.4
                0x0801776c       0x5e bn_bg_blocks_manager.o
 *fill*         0x080177ca        0x2 ff
 .rodata._ZN2bn11bgs_manager13set_regular_xEPvNS_7fixed_tILi12EEE.str1.4
                0x080177cc       0xc0 bn_bgs_manager.o
                                 0xc4 (size before relaxing)
 .rodata._ZN2bn11bgs_manager20set_regular_positionEPvRKNS_11fixed_pointE.str1.4
                0x0801788c       0xae bn_bgs_manager.o
 *fill*         0x0801793a        0x2 ff
 .rodata._ZN2bn11bgs_manager12_GLOBAL__N_19item_type18update_affine_hw_xEv.str1.4
                0x0801793c       0xc7 bn_bgs_manager.o